Component: ARM Compiler 5.05 update 1 (build 106) Tool: armlink [4d0efa]

==============================================================================

Section Cross References

    main.o(i.assert_nrf_callback) refers to app_error.o(i.app_error_handler) for app_error_handler
    main.o(i.ble_evt_handler) refers to app_error.o(i.app_error_handler_bare) for app_error_handler_bare
    main.o(i.ble_evt_handler) refers to boards.o(i.bsp_board_led_on) for bsp_board_led_on
    main.o(i.ble_evt_handler) refers to boards.o(i.bsp_board_led_off) for bsp_board_led_off
    main.o(i.ble_stack_init) refers to nrf_sdh.o(i.nrf_sdh_enable_request) for nrf_sdh_enable_request
    main.o(i.ble_stack_init) refers to app_error.o(i.app_error_handler_bare) for app_error_handler_bare
    main.o(i.ble_stack_init) refers to nrf_sdh_ble.o(i.nrf_sdh_ble_app_ram_start_get) for nrf_sdh_ble_app_ram_start_get
    main.o(i.ble_stack_init) refers to nrf_sdh_ble.o(i.nrf_sdh_ble_enable) for nrf_sdh_ble_enable
    main.o(i.button_evt_handler) refers to nrf_ble_es.o(i.nrf_ble_es_on_start_connectable_advertising) for nrf_ble_es_on_start_connectable_advertising
    main.o(i.button_init) refers to app_button.o(i.app_button_init) for app_button_init
    main.o(i.button_init) refers to app_error.o(i.app_error_handler_bare) for app_error_handler_bare
    main.o(i.button_init) refers to app_button.o(i.app_button_enable) for app_button_enable
    main.o(i.button_init) refers to main.o(.data) for buttons_cfgs
    main.o(i.conn_params_init) refers to memseta.o(.text) for __aeabi_memclr4
    main.o(i.conn_params_init) refers to ble_conn_params.o(i.ble_conn_params_init) for ble_conn_params_init
    main.o(i.conn_params_init) refers to app_error.o(i.app_error_handler_bare) for app_error_handler_bare
    main.o(i.gap_params_init) refers to strlen.o(.text) for strlen
    main.o(i.gap_params_init) refers to app_error.o(i.app_error_handler_bare) for app_error_handler_bare
    main.o(i.gatt_init) refers to nrf_ble_gatt.o(i.nrf_ble_gatt_init) for nrf_ble_gatt_init
    main.o(i.gatt_init) refers to app_error.o(i.app_error_handler_bare) for app_error_handler_bare
    main.o(i.gatt_init) refers to main.o(.bss) for m_gatt
    main.o(i.leds_init) refers to bsp.o(i.bsp_init) for bsp_init
    main.o(i.leds_init) refers to app_error.o(i.app_error_handler_bare) for app_error_handler_bare
    main.o(i.main) refers to main.o(i.timers_init) for timers_init
    main.o(i.main) refers to main.o(i.leds_init) for leds_init
    main.o(i.main) refers to main.o(i.button_init) for button_init
    main.o(i.main) refers to main.o(i.scheduler_init) for scheduler_init
    main.o(i.main) refers to main.o(i.ble_stack_init) for ble_stack_init
    main.o(i.main) refers to main.o(i.gap_params_init) for gap_params_init
    main.o(i.main) refers to main.o(i.gatt_init) for gatt_init
    main.o(i.main) refers to main.o(i.conn_params_init) for conn_params_init
    main.o(i.main) refers to nrf_ble_es.o(i.nrf_ble_es_init) for nrf_ble_es_init
    main.o(i.main) refers to app_scheduler.o(i.app_sched_execute) for app_sched_execute
    main.o(i.main) refers to main.o(i.power_manage) for power_manage
    main.o(i.main) refers to main.o(i.on_es_evt) for on_es_evt
    main.o(i.on_es_evt) refers to boards.o(i.bsp_board_led_invert) for bsp_board_led_invert
    main.o(i.on_es_evt) refers to boards.o(i.bsp_board_led_on) for bsp_board_led_on
    main.o(i.power_manage) refers to app_error.o(i.app_error_handler_bare) for app_error_handler_bare
    main.o(i.scheduler_init) refers to app_scheduler.o(i.app_sched_init) for app_sched_init
    main.o(i.scheduler_init) refers to app_error.o(i.app_error_handler_bare) for app_error_handler_bare
    main.o(i.scheduler_init) refers to main.o(.bss) for APP_SCHED_BUF
    main.o(i.timers_init) refers to app_timer.o(i.app_timer_init) for app_timer_init
    main.o(i.timers_init) refers to app_error.o(i.app_error_handler_bare) for app_error_handler_bare
    main.o(.data) refers to main.o(i.button_evt_handler) for button_evt_handler
    main.o(sdh_ble_observers1) refers to main.o(i.ble_evt_handler) for ble_evt_handler
    main.o(sdh_ble_observers2) refers to nrf_ble_gatt.o(i.nrf_ble_gatt_on_ble_evt) for nrf_ble_gatt_on_ble_evt
    main.o(sdh_ble_observers2) refers to main.o(.bss) for m_gatt
    boards.o(i.bsp_board_button_idx_to_pin) refers to boards.o(.constdata) for m_board_btn_list
    boards.o(i.bsp_board_button_state_get) refers to boards.o(.constdata) for m_board_btn_list
    boards.o(i.bsp_board_buttons_init) refers to boards.o(i.nrf_gpio_cfg) for nrf_gpio_cfg
    boards.o(i.bsp_board_buttons_init) refers to boards.o(.constdata) for m_board_btn_list
    boards.o(i.bsp_board_led_idx_to_pin) refers to boards.o(.constdata) for m_board_led_list
    boards.o(i.bsp_board_led_invert) refers to boards.o(.constdata) for m_board_led_list
    boards.o(i.bsp_board_led_off) refers to boards.o(i.nrf_gpio_pin_write) for nrf_gpio_pin_write
[...]
    occ_mod25519_fromBytes                   0x00024317   Thumb Code    38  occ_lib_occ_mod25519.c.o(.text.occ_mod25519_fromBytes)
    occ_mod25519_init                        0x0002433d   Thumb Code    18  occ_lib_occ_mod25519.c.o(.text.occ_mod25519_init)
    occ_mod25519_power                       0x0002434f   Thumb Code   256  occ_lib_occ_mod25519.c.o(.text.occ_mod25519_power)
    occ_mod25519_toBytes                     0x0002444f   Thumb Code    46  occ_lib_occ_mod25519.c.o(.text.occ_mod25519_toBytes)
    occ_sha256_final                         0x0002447d   Thumb Code   126  occ_lib_occ_sha256.c.o(.text.occ_sha256_final)
    occ_sha256_init                          0x000244fd   Thumb Code    76  occ_lib_occ_sha256.c.o(.text.occ_sha256_init)
    occ_sha256_loop1                         0x00024549   Thumb Code   166  occ_lib_occ_sha256_loop.c.o(.text.occ_sha256_loop1)
    occ_sha256_loop2                         0x000245f1   Thumb Code    80  occ_lib_occ_sha256_loop.c.o(.text.occ_sha256_loop2)
    occ_sha256_update                        0x00024641   Thumb Code    96  occ_lib_occ_sha256.c.o(.text.occ_sha256_update)
    AES128_ECB_decrypt                       0x00024761   Thumb Code    34  aes.o(i.AES128_ECB_decrypt)
    AES128_ECB_encrypt                       0x0002478d   Thumb Code    34  aes.o(i.AES128_ECB_encrypt)
    GPIOTE_IRQHandler                        0x0002484d   Thumb Code   554  nrf_drv_gpiote.o(i.GPIOTE_IRQHandler)
    POWER_CLOCK_IRQHandler                   0x00025345   Thumb Code    74  nrf_drv_clock.o(i.POWER_CLOCK_IRQHandler)
    RTC1_IRQHandler                          0x00025395   Thumb Code    44  app_timer.o(i.RTC1_IRQHandler)
    SAADC_IRQHandler                         0x000253c9   Thumb Code   456  nrf_drv_saadc.o(i.SAADC_IRQHandler)
    SWI0_EGU0_IRQHandler                     0x00025595   Thumb Code     8  app_timer.o(i.SWI0_EGU0_IRQHandler)
    SWI2_EGU2_IRQHandler                     0x0002559d   Thumb Code     8  nrf_sdh.o(i.SWI2_EGU2_IRQHandler)
    SystemCoreClockUpdate                    0x00025675   Thumb Code     8  system_nrf52.o(i.SystemCoreClockUpdate)
    SystemInit                               0x00025685   Thumb Code   556  system_nrf52.o(i.SystemInit)
    __scatterload_copy                       0x000258f1   Thumb Code    14  handlers.o(i.__scatterload_copy)
    __scatterload_null                       0x000258ff   Thumb Code     2  handlers.o(i.__scatterload_null)
    __scatterload_zeroinit                   0x00025901   Thumb Code    14  handlers.o(i.__scatterload_zeroinit)
    app_button_enable                        0x00025f55   Thumb Code    34  app_button.o(i.app_button_enable)
    app_button_init                          0x00025f81   Thumb Code   132  app_button.o(i.app_button_init)
    app_error_fault_handler                  0x00026029   Thumb Code    80  app_error_weak.o(i.app_error_fault_handler)
    app_error_handler_bare                   0x00026081   Thumb Code    28  app_error.o(i.app_error_handler_bare)
    app_sched_event_put                      0x0002609d   Thumb Code   164  app_scheduler.o(i.app_sched_event_put)
    app_sched_execute                        0x00026155   Thumb Code    94  app_scheduler.o(i.app_sched_execute)
    app_sched_init                           0x000261c9   Thumb Code    66  app_scheduler.o(i.app_sched_init)
    app_timer_cnt_diff_compute               0x00026225   Thumb Code    16  app_timer.o(i.app_timer_cnt_diff_compute)
    app_timer_cnt_get                        0x00026235   Thumb Code     8  app_timer.o(i.app_timer_cnt_get)
    app_timer_create                         0x0002623d   Thumb Code    56  app_timer.o(i.app_timer_create)
    app_timer_init                           0x00026279   Thumb Code    70  app_timer.o(i.app_timer_init)
    app_timer_start                          0x000262d5   Thumb Code    78  app_timer.o(i.app_timer_start)
    app_timer_stop                           0x00026329   Thumb Code    44  app_timer.o(i.app_timer_stop)
    app_util_critical_region_enter           0x00026359   Thumb Code    12  app_util_platform.o(i.app_util_critical_region_enter)
    app_util_critical_region_exit            0x00026365   Thumb Code    62  app_util_platform.o(i.app_util_critical_region_exit)
    ble_advdata_encode                       0x000263ff   Thumb Code   364  ble_advdata.o(i.ble_advdata_encode)
    ble_advdata_set                          0x0002656b   Thumb Code   148  ble_advdata.o(i.ble_advdata_set)
    ble_conn_params_init                     0x00026601   Thumb Code   136  ble_conn_params.o(i.ble_conn_params_init)
    ble_srv_is_notification_enabled          0x000269b9   Thumb Code    18  ble_srv_common.o(i.ble_srv_is_notification_enabled)
    bsp_board_led_invert                     0x00026a55   Thumb Code    44  boards.o(i.bsp_board_led_invert)
    bsp_board_led_off                        0x00026a85   Thumb Code    16  boards.o(i.bsp_board_led_off)
    bsp_board_led_on                         0x00026a99   Thumb Code    16  boards.o(i.bsp_board_led_on)
    bsp_board_led_state_get                  0x00026aad   Thumb Code    44  boards.o(i.bsp_board_led_state_get)
    bsp_board_leds_init                      0x00026add   Thumb Code    42  boards.o(i.bsp_board_leds_init)
    bsp_board_leds_off                       0x00026b0d   Thumb Code    20  boards.o(i.bsp_board_leds_off)
    bsp_board_leds_on                        0x00026b21   Thumb Code    20  boards.o(i.bsp_board_leds_on)
    bsp_board_pin_to_button_idx              0x00026b35   Thumb Code    32  boards.o(i.bsp_board_pin_to_button_idx)
    bsp_event_to_button_action_assign        0x00026c1d   Thumb Code    86  bsp.o(i.bsp_event_to_button_action_assign)
    bsp_init                                 0x00026c79   Thumb Code   134  bsp.o(i.bsp_init)
    cf_aes_decrypt                           0x00027107   Thumb Code   198  cifra_eax_aes.o(i.cf_aes_decrypt)
    cf_aes_encrypt                           0x000271cd   Thumb Code   188  cifra_eax_aes.o(i.cf_aes_encrypt)
    cf_aes_init                              0x00027289   Thumb Code    86  cifra_eax_aes.o(i.cf_aes_init)
    cf_blockwise_acc_byte                    0x000272df   Thumb Code   104  blockwise.o(i.cf_blockwise_acc_byte)
    cf_blockwise_acc_pad                     0x00027347   Thumb Code   196  blockwise.o(i.cf_blockwise_acc_pad)
    cf_blockwise_accumulate                  0x0002740b   Thumb Code    44  blockwise.o(i.cf_blockwise_accumulate)
    cf_blockwise_accumulate_final            0x00027437   Thumb Code   260  blockwise.o(i.cf_blockwise_accumulate_final)
    cf_blockwise_xor                         0x0002753b   Thumb Code   184  blockwise.o(i.cf_blockwise_xor)
    cf_cbc_encrypt                           0x000275f3   Thumb Code    76  modes.o(i.cf_cbc_encrypt)
    cf_cbc_init                              0x0002763f   Thumb Code    32  modes.o(i.cf_cbc_init)
    cf_cmac_init                             0x0002765f   Thumb Code   102  cmac.o(i.cf_cmac_init)
    cf_cmac_stream_final                     0x000276c5   Thumb Code    34  cmac.o(i.cf_cmac_stream_final)
    cf_cmac_stream_init                      0x000276e7   Thumb Code    26  cmac.o(i.cf_cmac_stream_init)
    cf_cmac_stream_reset                     0x00027701   Thumb Code    48  cmac.o(i.cf_cmac_stream_reset)
    cf_cmac_stream_update                    0x00027731   Thumb Code   192  cmac.o(i.cf_cmac_stream_update)
    cf_ctr_cipher                            0x000277fd   Thumb Code    44  modes.o(i.cf_ctr_cipher)
    cf_ctr_init                              0x0002782d   Thumb Code    52  modes.o(i.cf_ctr_init)
    cf_eax_encrypt                           0x00027861   Thumb Code   156  eax.o(i.cf_eax_encrypt)
    cf_gf128_double                          0x000278fd   Thumb Code    72  gf128.o(i.cf_gf128_double)
    cf_gf128_frombytes_be                    0x00027949   Thumb Code    44  gf128.o(i.cf_gf128_frombytes_be)
    cf_gf128_tobytes_be                      0x00027975   Thumb Code    44  gf128.o(i.cf_gf128_tobytes_be)
    es_adv_frame_fill_connectable_adv_data   0x000287a1   Thumb Code    14  es_adv_frame.o(i.es_adv_frame_fill_connectable_adv_data)
    es_adv_frame_fill_non_connectable_adv_data 0x000287af   Thumb Code    78  es_adv_frame.o(i.es_adv_frame_fill_non_connectable_adv_data)
    es_adv_init                              0x000287fd   Thumb Code    48  es_adv.o(i.es_adv_init)
    es_adv_interval_get                      0x00028845   Thumb Code     6  es_adv.o(i.es_adv_interval_get)
    es_adv_interval_set                      0x00028851   Thumb Code   100  es_adv.o(i.es_adv_interval_set)
    es_adv_on_ble_evt                        0x000288b9   Thumb Code    70  es_adv.o(i.es_adv_on_ble_evt)
    es_adv_remain_connectable_get            0x00028905   Thumb Code     6  es_adv.o(i.es_adv_remain_connectable_get)
    es_adv_remain_connectable_set            0x00028911   Thumb Code     6  es_adv.o(i.es_adv_remain_connectable_set)
    es_adv_start_connectable_adv             0x0002891d   Thumb Code    18  es_adv.o(i.es_adv_start_connectable_adv)
    es_adv_start_non_connctable_adv          0x00028935   Thumb Code    12  es_adv.o(i.es_adv_start_non_connctable_adv)
    es_adv_timers_init                       0x00028945   Thumb Code     8  es_adv.o(i.es_adv_timers_init)
    es_adv_timing_init                       0x0002894d   Thumb Code    24  es_adv_timing.o(i.es_adv_timing_init)
    es_adv_timing_resolve                    0x00028971   Thumb Code   218  es_adv_timing_resolver.o(i.es_adv_timing_resolve)
    es_adv_timing_start                      0x00028a4d   Thumb Code   104  es_adv_timing.o(i.es_adv_timing_start)
    es_adv_timing_stop                       0x00028ac1   Thumb Code     8  es_adv_timing.o(i.es_adv_timing_stop)
    es_adv_timing_timers_init                0x00028acd   Thumb Code    64  es_adv_timing.o(i.es_adv_timing_timers_init)
    es_battery_voltage_get                   0x00028b1d   Thumb Code    82  es_battery_voltage_saadc.o(i.es_battery_voltage_get)
    es_battery_voltage_init                  0x00028b79   Thumb Code   120  es_battery_voltage_saadc.o(i.es_battery_voltage_init)
    es_flash_access_beacon_config            0x00028c65   Thumb Code    34  es_flash.o(i.es_flash_access_beacon_config)
    es_flash_access_flags                    0x00028c8d   Thumb Code    30  es_flash.o(i.es_flash_access_flags)
    es_flash_access_lock_key                 0x00028cb1   Thumb Code    30  es_flash.o(i.es_flash_access_lock_key)
    es_flash_access_slot_configs             0x00028cd5   Thumb Code    58  es_flash.o(i.es_flash_access_slot_configs)
    es_flash_factory_reset                   0x00028d1d   Thumb Code    24  es_flash.o(i.es_flash_factory_reset)
    es_flash_init                            0x00028d39   Thumb Code    52  es_flash.o(i.es_flash_init)
    es_flash_num_pending_ops                 0x00028d7d   Thumb Code     6  es_flash.o(i.es_flash_num_pending_ops)
    es_flash_on_ble_evt                      0x00028d89   Thumb Code   104  es_flash.o(i.es_flash_on_ble_evt)
    es_gatts_handle_read                     0x00028e01   Thumb Code   164  es_gatts.o(i.es_gatts_handle_read)
    es_gatts_handle_write                    0x00028ead   Thumb Code   188  es_gatts.o(i.es_gatts_handle_write)
    es_gatts_init                            0x00028f6d   Thumb Code    34  es_gatts.o(i.es_gatts_init)
    es_gatts_read_handle_locked_read         0x00028f99   Thumb Code    74  es_gatts_read.o(i.es_gatts_read_handle_locked_read)
    es_gatts_read_handle_unlock              0x00028fe3   Thumb Code    48  es_gatts_read.o(i.es_gatts_read_handle_unlock)
    es_gatts_read_handle_unlocked_read       0x00029013   Thumb Code   252  es_gatts_read.o(i.es_gatts_read_handle_unlocked_read)
    es_gatts_send_op_not_permitted           0x0002910f   Thumb Code    70  es_gatts.o(i.es_gatts_send_op_not_permitted)
    es_gatts_send_reply                      0x00029155   Thumb Code    52  es_gatts.o(i.es_gatts_send_reply)
    es_gatts_write_handle_unlock             0x00029189   Thumb Code   116  es_gatts_write.o(i.es_gatts_write_handle_unlock)
    es_gatts_write_handle_unlocked_write     0x000291fd   Thumb Code   318  es_gatts_write.o(i.es_gatts_write_handle_unlocked_write)
    es_security_client_pub_ecdh_receive      0x0002933d   Thumb Code   292  es_security.o(i.es_security_client_pub_ecdh_receive)
    es_security_clock_get                    0x00029475   Thumb Code    20  es_security.o(i.es_security_clock_get)
    es_security_eid_get                      0x0002948d   Thumb Code    24  es_security.o(i.es_security_eid_get)
    es_security_eid_slot_destroy             0x000294a9   Thumb Code    26  es_security.o(i.es_security_eid_slot_destroy)
    es_security_eid_slots_restore            0x000294c9   Thumb Code   112  es_security.o(i.es_security_eid_slots_restore)
    es_security_encrypted_eid_id_key_get     0x00029541   Thumb Code    52  es_security.o(i.es_security_encrypted_eid_id_key_get)
    es_security_init                         0x0002957d   Thumb Code    92  es_security.o(i.es_security_init)
    es_security_lock_code_update             0x000295ed   Thumb Code    44  es_security.o(i.es_security_lock_code_update)
    es_security_plain_eid_id_key_get         0x0002961d   Thumb Code    30  es_security.o(i.es_security_plain_eid_id_key_get)
    es_security_pub_ecdh_get                 0x00029641   Thumb Code    18  es_security.o(i.es_security_pub_ecdh_get)
    es_security_random_challenge_generate    0x00029659   Thumb Code    12  es_security.o(i.es_security_random_challenge_generate)
    es_security_scaler_get                   0x00029665   Thumb Code    22  es_security.o(i.es_security_scaler_get)
    es_security_shared_ik_receive            0x00029681   Thumb Code   110  es_security.o(i.es_security_shared_ik_receive)
    es_security_tlm_to_etlm                  0x000296fd   Thumb Code   296  es_security.o(i.es_security_tlm_to_etlm)
    es_security_unlock_prepare               0x00029831   Thumb Code    30  es_security.o(i.es_security_unlock_prepare)
    es_security_unlock_verify                0x00029855   Thumb Code    28  es_security.o(i.es_security_unlock_verify)
    es_security_update_time                  0x00029879   Thumb Code   156  es_security.o(i.es_security_update_time)
    es_slot_eid_ready                        0x00029929   Thumb Code   110  es_slot.o(i.es_slot_eid_ready)
    es_slot_encrypted_eid_id_key_set         0x000299a1   Thumb Code    34  es_slot.o(i.es_slot_encrypted_eid_id_key_set)
    es_slot_etlm_update                      0x000299c9   Thumb Code    88  es_slot.o(i.es_slot_etlm_update)
    es_slot_get_registry                     0x00029a25   Thumb Code     4  es_slot.o(i.es_slot_get_registry)
    es_slot_on_write                         0x00029a2d   Thumb Code   146  es_slot.o(i.es_slot_on_write)
    es_slot_radio_tx_pwr_set                 0x00029ac5   Thumb Code    50  es_slot.o(i.es_slot_radio_tx_pwr_set)
    es_slot_reg_clear_slot                   0x00029afd   Thumb Code    88  es_slot_reg.o(i.es_slot_reg_clear_slot)
    es_slot_reg_etlm_required                0x00029b55   Thumb Code    24  es_slot_reg.o(i.es_slot_reg_etlm_required)
    es_slot_reg_init                         0x00029b6d   Thumb Code    46  es_slot_reg.o(i.es_slot_reg_init)
    es_slot_reg_update_slot_list_info_on_add 0x00029b9b   Thumb Code   122  es_slot_reg.o(i.es_slot_reg_update_slot_list_info_on_add)
    es_slot_set_adv_custom_tx_power          0x00029c15   Thumb Code    52  es_slot.o(i.es_slot_set_adv_custom_tx_power)
    es_slot_tlm_update                       0x00029c4d   Thumb Code    32  es_slot.o(i.es_slot_tlm_update)
    es_slot_write_to_flash                   0x00029c71   Thumb Code   104  es_slot.o(i.es_slot_write_to_flash)
    es_slots_init                            0x00029cdd   Thumb Code   104  es_slot.o(i.es_slots_init)
    es_stopwatch_check                       0x00029d4d   Thumb Code   102  es_stopwatch.o(i.es_stopwatch_check)
    es_stopwatch_create                      0x00029dbd   Thumb Code    64  es_stopwatch.o(i.es_stopwatch_create)
    es_stopwatch_init                        0x00029e09   Thumb Code    36  es_stopwatch.o(i.es_stopwatch_init)
    es_tlm_adv_cnt_inc                       0x00029e3d   Thumb Code    12  es_tlm.o(i.es_tlm_adv_cnt_inc)
    es_tlm_init                              0x00029e4d   Thumb Code    98  es_tlm.o(i.es_tlm_init)
    es_tlm_tlm_get                           0x00029ec1   Thumb Code    42  es_tlm.o(i.es_tlm_tlm_get)
    fds_file_delete                          0x0002a0f1   Thumb Code    68  fds.o(i.fds_file_delete)
    fds_gc                                   0x0002a135   Thumb Code    56  fds.o(i.fds_gc)
    fds_init                                 0x0002a195   Thumb Code   188  fds.o(i.fds_init)
    fds_record_close                         0x0002a259   Thumb Code    84  fds.o(i.fds_record_close)
    fds_record_delete                        0x0002a2b1   Thumb Code    62  fds.o(i.fds_record_delete)
    fds_record_find_by_key                   0x0002a2ef   Thumb Code    20  fds.o(i.fds_record_find_by_key)
    fds_record_open                          0x0002a305   Thumb Code    72  fds.o(i.fds_record_open)
    fds_record_update                        0x0002a351   Thumb Code    26  fds.o(i.fds_record_update)
    fds_record_write                         0x0002a36b   Thumb Code    20  fds.o(i.fds_record_write)
    fds_register                             0x0002a381   Thumb Code    38  fds.o(i.fds_register)
    main                                     0x0002b149   Thumb Code    50  main.o(i.main)
    nrf_ble_es_init                          0x0002b3c5   Thumb Code   132  nrf_ble_es.o(i.nrf_ble_es_init)
    nrf_ble_es_on_ble_evt                    0x0002b459   Thumb Code    58  nrf_ble_es.o(i.nrf_ble_es_on_ble_evt)
    nrf_ble_es_on_start_connectable_advertising 0x0002b499   Thumb Code     8  nrf_ble_es.o(i.nrf_ble_es_on_start_connectable_advertising)
    nrf_ble_escs_init                        0x0002b4a1   Thumb Code   500  nrf_ble_escs.o(i.nrf_ble_escs_init)
    nrf_ble_escs_on_ble_evt                  0x0002b6cd   Thumb Code   128  nrf_ble_escs.o(i.nrf_ble_escs_on_ble_evt)
    nrf_ble_gatt_init                        0x0002b819   Thumb Code    52  nrf_ble_gatt.o(i.nrf_ble_gatt_init)
    nrf_ble_gatt_on_ble_evt                  0x0002b84d   Thumb Code   174  nrf_ble_gatt.o(i.nrf_ble_gatt_on_ble_evt)
    nrf_drv_clock_init                       0x0002b9e1   Thumb Code    94  nrf_drv_clock.o(i.nrf_drv_clock_init)
    nrf_drv_clock_lfclk_release              0x0002ba49   Thumb Code    42  nrf_drv_clock.o(i.nrf_drv_clock_lfclk_release)
    nrf_drv_common_irq_enable                0x0002ba79   Thumb Code    84  nrf_drv_common.o(i.nrf_drv_common_irq_enable)
    nrf_drv_gpiote_in_event_enable           0x0002bad9   Thumb Code   164  nrf_drv_gpiote.o(i.nrf_drv_gpiote_in_event_enable)
    nrf_drv_gpiote_in_init                   0x0002bb85   Thumb Code   206  nrf_drv_gpiote.o(i.nrf_drv_gpiote_in_init)
    nrf_drv_gpiote_in_is_set                 0x0002bc61   Thumb Code    20  nrf_drv_gpiote.o(i.nrf_drv_gpiote_in_is_set)
    nrf_drv_gpiote_init                      0x0002bc75   Thumb Code    90  nrf_drv_gpiote.o(i.nrf_drv_gpiote_init)
    nrf_drv_gpiote_is_init                   0x0002bcd5   Thumb Code    16  nrf_drv_gpiote.o(i.nrf_drv_gpiote_is_init)
    nrf_drv_saadc_buffer_convert             0x0002bce9   Thumb Code   186  nrf_drv_saadc.o(i.nrf_drv_saadc_buffer_convert)
    nrf_drv_saadc_channel_init               0x0002bda9   Thumb Code   128  nrf_drv_saadc.o(i.nrf_drv_saadc_channel_init)
    nrf_drv_saadc_init                       0x0002be31   Thumb Code   150  nrf_drv_saadc.o(i.nrf_drv_saadc_init)
    nrf_drv_saadc_is_busy                    0x0002bed5   Thumb Code    14  nrf_drv_saadc.o(i.nrf_drv_saadc_is_busy)
    nrf_drv_saadc_sample                     0x0002bee9   Thumb Code    42  nrf_drv_saadc.o(i.nrf_drv_saadc_sample)
    nrf_fstorage_erase                       0x0002bf19   Thumb Code    84  nrf_fstorage.o(i.nrf_fstorage_erase)
    nrf_fstorage_init                        0x0002bf6d   Thumb Code    30  nrf_fstorage.o(i.nrf_fstorage_init)
    nrf_fstorage_sdh_req_handler             0x0002bf8d   Thumb Code    44  nrf_fstorage_sd.o(i.nrf_fstorage_sdh_req_handler)
    nrf_fstorage_sdh_state_handler           0x0002bfbd   Thumb Code    50  nrf_fstorage_sd.o(i.nrf_fstorage_sdh_state_handler)
    nrf_fstorage_sys_evt_handler             0x0002bff5   Thumb Code   136  nrf_fstorage_sd.o(i.nrf_fstorage_sys_evt_handler)
    nrf_fstorage_write                       0x0002c085   Thumb Code   108  nrf_fstorage.o(i.nrf_fstorage_write)
    nrf_saadc_channel_init                   0x0002c249   Thumb Code   108  nrf_saadc.o(i.nrf_saadc_channel_init)
    nrf_sdh_ble_app_ram_start_get            0x0002c321   Thumb Code    18  nrf_sdh_ble.o(i.nrf_sdh_ble_app_ram_start_get)
    nrf_sdh_ble_enable                       0x0002c339   Thumb Code    16  nrf_sdh_ble.o(i.nrf_sdh_ble_enable)
    nrf_sdh_disable_request                  0x0002c3a9   Thumb Code    80  nrf_sdh.o(i.nrf_sdh_disable_request)
    nrf_sdh_enable_request                   0x0002c401   Thumb Code    98  nrf_sdh.o(i.nrf_sdh_enable_request)
    nrf_sdh_evts_poll                        0x0002c479   Thumb Code    44  nrf_sdh.o(i.nrf_sdh_evts_poll)
    nrf_sdh_is_enabled                       0x0002c4a9   Thumb Code     6  nrf_sdh.o(i.nrf_sdh_is_enabled)
    nrf_sdh_request_continue                 0x0002c4b5   Thumb Code    30  nrf_sdh.o(i.nrf_sdh_request_continue)
    nrf_section_iter_init                    0x0002c537   Thumb Code    20  nrf_section_iter.o(i.nrf_section_iter_init)
    nrf_section_iter_next                    0x0002c579   Thumb Code    46  nrf_section_iter.o(i.nrf_section_iter_next)
    sdk_mapped_flags_bulk_update_by_key      0x0002dacd   Thumb Code   124  sdk_mapped_flags.o(i.sdk_mapped_flags_bulk_update_by_key)
    sdk_mapped_flags_first_key_index_get     0x0002db49   Thumb Code    36  sdk_mapped_flags.o(i.sdk_mapped_flags_first_key_index_get)
    sdk_mapped_flags_key_list_get            0x0002db7f   Thumb Code    66  sdk_mapped_flags.o(i.sdk_mapped_flags_key_list_get)
    sdk_mapped_flags_update_by_key           0x0002dbc1   Thumb Code    26  sdk_mapped_flags.o(i.sdk_mapped_flags_update_by_key)
    cf_aes                                   0x0002f10c   Data          12  cifra_eax_aes.o(.constdata)
    nrf_fstorage_sd                          0x0002f1f0   Data          24  nrf_fstorage_sd.o(.constdata)
    m_ram_start                              0x0002f284   Data           4  nrf_sdh_ble.o(.constdata)
    Region$$Table$$Base                      0x0002f3c8   Number         0  anon$$obj.o(Region$$Table)
    Region$$Table$$Limit                     0x0002f3e8   Number         0  anon$$obj.o(Region$$Table)
    sdh_ble_observers0$$Base                 0x0002f3e8   Number         0  ble_conn_state.o(sdh_ble_observers0)
    sdh_ble_observers0$$Limit                0x0002f3f0   Number         0  ble_conn_state.o(sdh_ble_observers0)
    sdh_ble_observers1$$Base                 0x0002f3f0   Number         0  main.o(sdh_ble_observers1)
    sdh_ble_observers1$$Limit                0x0002f408   Number         0  nrf_ble_es.o(sdh_ble_observers1)
    sdh_ble_observers2$$Base                 0x0002f408   Number         0  main.o(sdh_ble_observers2)
    m_req_obs                                0x0002f418   Data           8  nrf_fstorage_sd.o(sdh_req_observers0)
    sdh_ble_observers2$$Limit                0x0002f418   Number         0  ble_conn_params.o(sdh_ble_observers2)
    sdh_req_observers0$$Base                 0x0002f418   Number         0  nrf_fstorage_sd.o(sdh_req_observers0)
    sdh_req_observers0$$Limit                0x0002f420   Number         0  nrf_fstorage_sd.o(sdh_req_observers0)
    sdh_soc_observers0$$Base                 0x0002f420   Number         0  nrf_drv_clock.o(sdh_soc_observers0)
    sdh_soc_observers0$$Limit                0x0002f430   Number         0  nrf_fstorage_sd.o(sdh_soc_observers0)
    sdh_stack_observers0$$Base               0x0002f430   Number         0  nrf_sdh_ble.o(sdh_stack_observers0)
    sdh_stack_observers0$$Limit              0x0002f440   Number         0  nrf_sdh_soc.o(sdh_stack_observers0)
    sdh_state_observers0$$Base               0x0002f440   Number         0  nrf_drv_clock.o(sdh_state_observers0)
    sdh_state_observers0$$Limit              0x0002f450   Number         0  nrf_fstorage_sd.o(sdh_state_observers0)
    Image$$RW_IRAM1$$Base                    0x20002180   Number         0  anon$$obj.o ABSOLUTE
    SystemCoreClock                          0x200022b4   Data           4  system_nrf52.o(.data)
    fs_data$$Base                            0x200022b8   Number         0  fds.o(fs_data)
    m_fs                                     0x200022b8   Data          20  fds.o(fs_data)
    fs_data$$Limit                           0x200022cc   Number         0  fds.o(fs_data)
    nrf_nvic_state                           0x200027f0   Data          12  app_util_platform.o(.bss)
    __initial_sp                             0x200050d0   Data           0  arm_startup_nrf52.o(STACK)



==============================================================================

Memory Map of the image

  Image Entry point : 0x00023201

  Load Region LR_IROM1 (Base: 0x00023000, Size: 0x0000c59c, Max: 0x0001e000, ABSOLUTE, COMPRESSED[0x0000c490])

    Execution Region ER_IROM1 (Base: 0x00023000, Size: 0x0000c450, Max: 0x0001e000, ABSOLUTE)

    Base Addr    Size         Type   Attr      Idx    E Section Name        Object

    0x00023000   0x00000200   Data   RO         5627    RESET               arm_startup_nrf52.o
    0x00023200   0x00000000   Code   RO         5821  * .ARM.Collect$$$$00000000  mc_w.l(entry.o)
    0x00023200   0x00000004   Code   RO         5838    .ARM.Collect$$$$00000001  mc_w.l(entry2.o)
    0x00023204   0x00000004   Code   RO         5841    .ARM.Collect$$$$00000004  mc_w.l(entry5.o)
    0x00023208   0x00000000   Code   RO         5843    .ARM.Collect$$$$00000008  mc_w.l(entry7b.o)
    0x00023208   0x00000000   Code   RO         5845    .ARM.Collect$$$$0000000A  mc_w.l(entry8b.o)
    0x00023208   0x00000008   Code   RO         5846    .ARM.Collect$$$$0000000B  mc_w.l(entry9a.o)
    0x00023210   0x00000000   Code   RO         5848    .ARM.Collect$$$$0000000D  mc_w.l(entry10a.o)
    0x00023210   0x00000000   Code   RO         5850    .ARM.Collect$$$$0000000F  mc_w.l(entry11a.o)
    0x00023210   0x00000004   Code   RO         5839    .ARM.Collect$$$$00002712  mc_w.l(entry2.o)
    0x00023214   0x00000024   Code   RO         5628    .text               arm_startup_nrf52.o
    0x00023238   0x0000066c   Code   RO         5798    .text               occ_lib_nrf52.lib(occ_lib_occ_bigint256.s.o)
    0x000238a4   0x0000066c   Code   RO         5801    .text               occ_lib_nrf52.lib(occ_lib_occ_mod25519_base.s.o)
    0x00023f10   0x00000062   Code   RO         5824    .text               mc_w.l(uldiv.o)
    0x00023f72   0x00000024   Code   RO         5828    .text               mc_w.l(memcpya.o)
    0x00023f96   0x00000024   Code   RO         5830    .text               mc_w.l(memseta.o)
    0x00023fba   0x0000000e   Code   RO         5832    .text               mc_w.l(strlen.o)
    0x00023fc8   0x0000001a   Code   RO         5834    .text               mc_w.l(memcmp.o)
    0x00023fe2   0x0000001e   Code   RO         5852    .text               mc_w.l(llshl.o)
    0x00024000   0x00000020   Code   RO         5854    .text               mc_w.l(llushr.o)
    0x00024020   0x00000024   Code   RO         5856    .text               mc_w.l(init.o)
    0x00024044   0x00000056   Code   RO         5865    .text               mc_w.l(__dczerorl2.o)
    0x0002409a   0x00000034   Code   RO         5763    .text.exp_power_of_2  occ_lib_nrf52.lib(occ_lib_occ_mod25519.c.o)
    0x000240ce   0x0000017a   Code   RO         5721    .text.occ_curve25519_scalarmult  occ_lib_nrf52.lib(occ_lib_occ_curve25519.c.o)
    0x00024248   0x0000000c   Code   RO         5722    .text.occ_curve25519_scalarmult_base  occ_lib_nrf52.lib(occ_lib_occ_curve25519.c.o)
    0x00024254   0x00000012   Code   RO         5745    .text.occ_hmac_sha256  occ_lib_nrf52.lib(occ_lib_occ_hkdf_sha256.c.o)
    0x00024266   0x000000b0   Code   RO         5744    .text.occ_hmac_sha256_num  occ_lib_nrf52.lib(occ_lib_occ_hkdf_sha256.c.o)
    0x00024316   0x00000026   Code   RO         5768    .text.occ_mod25519_fromBytes  occ_lib_nrf52.lib(occ_lib_occ_mod25519.c.o)
    0x0002433c   0x00000012   Code   RO         5764    .text.occ_mod25519_init  occ_lib_nrf52.lib(occ_lib_occ_mod25519.c.o)
    0x0002434e   0x00000100   Code   RO         5770    .text.occ_mod25519_power  occ_lib_nrf52.lib(occ_lib_occ_mod25519.c.o)
    0x0002444e   0x0000002e   Code   RO         5769    .text.occ_mod25519_toBytes  occ_lib_nrf52.lib(occ_lib_occ_mod25519.c.o)
    0x0002447c   0x0000007e   Code   RO         5786    .text.occ_sha256_final  occ_lib_nrf52.lib(occ_lib_occ_sha256.c.o)
    0x000244fa   0x00000002   PAD
    0x000244fc   0x0000004c   Code   RO         5784    .text.occ_sha256_init  occ_lib_nrf52.lib(occ_lib_occ_sha256.c.o)
    0x00024548   0x000000a8   Code   RO         5807    .text.occ_sha256_loop1  occ_lib_nrf52.lib(occ_lib_occ_sha256_loop.c.o)
    0x000245f0   0x00000050   Code   RO         5808    .text.occ_sha256_loop2  occ_lib_nrf52.lib(occ_lib_occ_sha256_loop.c.o)
    0x00024640   0x00000060   Code   RO         5785    .text.occ_sha256_update  occ_lib_nrf52.lib(occ_lib_occ_sha256.c.o)
    0x000246a0   0x000000c0   Code   RO         5783    .text.sha256_blocks  occ_lib_nrf52.lib(occ_lib_occ_sha256.c.o)
    0x00024760   0x0000002c   Code   RO         2161    i.AES128_ECB_decrypt  aes.o
    0x0002478c   0x0000002c   Code   RO         2162    i.AES128_ECB_encrypt  aes.o
    0x000247b8   0x00000048   Code   RO         2163    i.AddRoundKey       aes.o
    0x00024800   0x00000014   Code   RO         2164    i.BlockCopy         aes.o
    0x00024814   0x00000038   Code   RO         2165    i.Cipher            aes.o
    0x0002484c   0x00000238   Code   RO         1692    i.GPIOTE_IRQHandler  nrf_drv_gpiote.o
    0x00024a84   0x00000038   Code   RO         2166    i.InvCipher         aes.o
    0x00024abc   0x000004bc   Code   RO         2167    i.InvMixColumns     aes.o
    0x00024f78   0x00000098   Code   RO         2168    i.InvShiftRows      aes.o
    0x00025010   0x00000038   Code   RO         2169    i.InvSubBytes       aes.o
    0x00025048   0x00000164   Code   RO         2170    i.KeyExpansion      aes.o
    0x000251ac   0x00000128   Code   RO         2171    i.MixColumns        aes.o
    0x000252d4   0x00000018   Code   RO         2481    i.NVIC_ClearPendingIRQ  app_timer.o
    0x000252ec   0x00000016   Code   RO         2482    i.NVIC_EnableIRQ    app_timer.o
    0x00025302   0x00000002   PAD
    0x00025304   0x00000018   Code   RO         2483    i.NVIC_SetPendingIRQ  app_timer.o
    0x0002531c   0x00000028   Code   RO         2484    i.NVIC_SetPriority  app_timer.o
    0x00025344   0x00000050   Code   RO         1454    i.POWER_CLOCK_IRQHandler  nrf_drv_clock.o
    0x00025394   0x00000034   Code   RO         2485    i.RTC1_IRQHandler   app_timer.o
    0x000253c8   0x000001cc   Code   RO         1986    i.SAADC_IRQHandler  nrf_drv_saadc.o
    0x00025594   0x00000008   Code   RO         2486    i.SWI0_EGU0_IRQHandler  app_timer.o
    0x0002559c   0x00000008   Code   RO         5415    i.SWI2_EGU2_IRQHandler  nrf_sdh.o
    0x000255a4   0x00000098   Code   RO         2172    i.ShiftRows         aes.o
    0x0002563c   0x00000038   Code   RO         2173    i.SubBytes          aes.o
    0x00025674   0x00000010   Code   RO         5635    i.SystemCoreClockUpdate  system_nrf52.o
    0x00025684   0x0000026c   Code   RO         5636    i.SystemInit        system_nrf52.o
    0x000258f0   0x0000000e   Code   RO         5859    i.__scatterload_copy  mc_w.l(handlers.o)
    0x000258fe   0x00000002   Code   RO         5860    i.__scatterload_null  mc_w.l(handlers.o)
    0x00025900   0x0000000e   Code   RO         5861    i.__scatterload_zeroinit  mc_w.l(handlers.o)
    0x0002590e   0x00000002   PAD
    0x00025910   0x00000038   Code   RO         5416    i.__sd_nvic_app_accessible_irq  nrf_sdh.o
    0x00025948   0x0000000c   Code   RO         2710    i.__sd_nvic_irq_disable  app_util_platform.o
    0x00025954   0x000000f4   Code   RO         3452    i.access_flash_data  es_flash.o
    0x00025a48   0x00000022   Code   RO         2830    i.add_round_key     cifra_eax_aes.o
    0x00025a6a   0x00000010   Code   RO         4962    i.addr_is_aligned32  nrf_fstorage.o
    0x00025a7a   0x0000001c   Code   RO         4963    i.addr_within_bounds  nrf_fstorage.o
    0x00025a96   0x00000002   PAD
    0x00025a98   0x0000002c   Code   RO         4157    i.address_is_valid  fds.o
    0x00025ac4   0x00000024   Code   RO         4874    i.adv_evt_handler   nrf_ble_es.o
    0x00025ae8   0x00000050   Code   RO         4875    i.adv_init          nrf_ble_es.o
    0x00025b38   0x00000074   Code   RO         3289    i.adv_interval_timeout  es_adv_timing.o
    0x00025bac   0x00000018   Code   RO         3098    i.adv_restart       es_adv.o
    0x00025bc4   0x000000c4   Code   RO         3290    i.adv_slot_timeout  es_adv_timing.o
    0x00025c88   0x00000044   Code   RO         4876    i.adv_slots_init    nrf_ble_es.o
    0x00025ccc   0x0000002c   Code   RO         3099    i.adv_start         es_adv.o
    0x00025cf8   0x00000022   Code   RO         3100    i.adv_stop          es_adv.o
    0x00025d1a   0x00000002   PAD
    0x00025d1c   0x000000a4   Code   RO         3101    i.adv_timing_callback  es_adv.o
    0x00025dc0   0x00000070   Code   RO         3291    i.adv_timing_set    es_adv_timing.o
    0x00025e30   0x00000012   Code   RO          623    i.advdata_check     ble_advdata.o
    0x00025e42   0x00000054   Code   RO          525    i.advertising_buttons_configure  bsp_btn_ble.o
    0x00025e96   0x00000002   PAD
    0x00025e98   0x000000b0   Code   RO         2831    i.aes_schedule      cifra_eax_aes.o
    0x00025f48   0x0000000c   Code   RO          408    i.alert_timer_handler  bsp.o
    0x00025f54   0x0000002c   Code   RO         2275    i.app_button_enable  app_button.o
    0x00025f80   0x000000a8   Code   RO         2276    i.app_button_init   app_button.o
    0x00026028   0x00000058   Code   RO         2376    i.app_error_fault_handler  app_error_weak.o
    0x00026080   0x0000001c   Code   RO         2337    i.app_error_handler_bare  app_error.o
    0x0002609c   0x000000b8   Code   RO         2428    i.app_sched_event_put  app_scheduler.o
    0x00026154   0x00000074   Code   RO         2429    i.app_sched_execute  app_scheduler.o
    0x000261c8   0x0000005c   Code   RO         2430    i.app_sched_init    app_scheduler.o
    0x00026224   0x00000010   Code   RO         2487    i.app_timer_cnt_diff_compute  app_timer.o
    0x00026234   0x00000008   Code   RO         2488    i.app_timer_cnt_get  app_timer.o
    0x0002623c   0x0000003c   Code   RO         2489    i.app_timer_create  app_timer.o
    0x00026278   0x0000005c   Code   RO         2490    i.app_timer_init    app_timer.o
    0x000262d4   0x00000054   Code   RO         2493    i.app_timer_start   app_timer.o
    0x00026328   0x00000030   Code   RO         2494    i.app_timer_stop    app_timer.o
    0x00026358   0x0000000c   Code   RO         2711    i.app_util_critical_region_enter  app_util_platform.o
    0x00026364   0x00000048   Code   RO         2712    i.app_util_critical_region_exit  app_util_platform.o
    0x000263ac   0x00000052   Code   RO          624    i.appearance_encode  ble_advdata.o
    0x000263fe   0x0000016c   Code   RO          625    i.ble_advdata_encode  ble_advdata.o
    0x0002656a   0x00000094   Code   RO          626    i.ble_advdata_set   ble_advdata.o
    0x000265fe   0x00000002   PAD
    0x00026600   0x0000009c   Code   RO          891    i.ble_conn_params_init  ble_conn_params.o
    0x0002669c   0x00000076   Code   RO          627    i.ble_device_addr_encode  ble_advdata.o
    0x00026712   0x00000002   PAD
    0x00026714   0x000000ac   Code   RO         4877    i.ble_escs_init     nrf_ble_es.o
    0x000267c0   0x0000009e   Code   RO            5    i.ble_evt_handler   main.o
    0x0002685e   0x00000002   PAD
    0x00026860   0x00000078   Code   RO          526    i.ble_evt_handler   bsp_btn_ble.o
    0x000268d8   0x00000040   Code   RO          893    i.ble_evt_handler   ble_conn_params.o
    0x00026918   0x000000a0   Code   RO         1015    i.ble_evt_handler   ble_conn_state.o
    0x000269b8   0x00000012   Code   RO         1176    i.ble_srv_is_notification_enabled  ble_srv_common.o
    0x000269ca   0x00000088   Code   RO            6    i.ble_stack_init    main.o
    0x00026a52   0x00000002   PAD
    0x00026a54   0x00000030   Code   RO          294    i.bsp_board_led_invert  boards.o
    0x00026a84   0x00000014   Code   RO          295    i.bsp_board_led_off  boards.o
    0x00026a98   0x00000014   Code   RO          296    i.bsp_board_led_on  boards.o
    0x00026aac   0x00000030   Code   RO          297    i.bsp_board_led_state_get  boards.o
    0x00026adc   0x00000030   Code   RO          298    i.bsp_board_leds_init  boards.o
    0x00026b0c   0x00000014   Code   RO          299    i.bsp_board_leds_off  boards.o
    0x00026b20   0x00000014   Code   RO          300    i.bsp_board_leds_on  boards.o
    0x00026b34   0x00000024   Code   RO          301    i.bsp_board_pin_to_button_idx  boards.o
    0x00026b58   0x000000c4   Code   RO          409    i.bsp_button_event_handler  bsp.o
    0x00026c1c   0x0000005c   Code   RO          413    i.bsp_event_to_button_action_assign  bsp.o
    0x00026c78   0x000000ac   Code   RO          415    i.bsp_init          bsp.o
    0x00026d24   0x0000037c   Code   RO          416    i.bsp_led_indication  bsp.o
    0x000270a0   0x00000014   Code   RO            7    i.button_evt_handler  main.o
    0x000270b4   0x00000044   Code   RO            8    i.button_init       main.o
    0x000270f8   0x0000000e   Code   RO          419    i.button_timer_handler  bsp.o
    0x00027106   0x000000c6   Code   RO         2832    i.cf_aes_decrypt    cifra_eax_aes.o
    0x000271cc   0x000000bc   Code   RO         2833    i.cf_aes_encrypt    cifra_eax_aes.o
    0x00027288   0x00000056   Code   RO         2835    i.cf_aes_init       cifra_eax_aes.o
    0x000272de   0x00000068   Code   RO         2785    i.cf_blockwise_acc_byte  blockwise.o
    0x00027346   0x000000c4   Code   RO         2786    i.cf_blockwise_acc_pad  blockwise.o
    0x0002740a   0x0000002c   Code   RO         2787    i.cf_blockwise_accumulate  blockwise.o
    0x00027436   0x00000104   Code   RO         2788    i.cf_blockwise_accumulate_final  blockwise.o
    0x0002753a   0x000000b8   Code   RO         2789    i.cf_blockwise_xor  blockwise.o
    0x000275f2   0x0000004c   Code   RO         4658    i.cf_cbc_encrypt    modes.o
    0x0002763e   0x00000020   Code   RO         4659    i.cf_cbc_init       modes.o
    0x0002765e   0x00000066   Code   RO         2963    i.cf_cmac_init      cmac.o
    0x000276c4   0x00000022   Code   RO         2965    i.cf_cmac_stream_final  cmac.o
    0x000276e6   0x0000001a   Code   RO         2966    i.cf_cmac_stream_init  cmac.o
    0x00027700   0x00000030   Code   RO         2967    i.cf_cmac_stream_reset  cmac.o
    0x00027730   0x000000cc   Code   RO         2968    i.cf_cmac_stream_update  cmac.o
    0x000277fc   0x00000030   Code   RO         4660    i.cf_ctr_cipher     modes.o
    0x0002782c   0x00000034   Code   RO         4663    i.cf_ctr_init       modes.o
    0x00027860   0x0000009c   Code   RO         3070    i.cf_eax_encrypt    eax.o
    0x000278fc   0x0000004c   Code   RO         4575    i.cf_gf128_double   gf128.o
    0x00027948   0x0000002c   Code   RO         4577    i.cf_gf128_frombytes_be  gf128.o
    0x00027974   0x0000002c   Code   RO         4579    i.cf_gf128_tobytes_be  gf128.o
    0x000279a0   0x00000020   Code   RO         1693    i.channel_free      nrf_drv_gpiote.o
    0x000279c0   0x00000010   Code   RO         1694    i.channel_handler_get  nrf_drv_gpiote.o
    0x000279d0   0x00000080   Code   RO         1695    i.channel_port_alloc  nrf_drv_gpiote.o
    0x00027a50   0x0000000c   Code   RO         1696    i.channel_port_get  nrf_drv_gpiote.o
    0x00027a5c   0x00000198   Code   RO         1359    i.char_add          nrf_ble_escs.o
    0x00027bf4   0x00000038   Code   RO         4878    i.check_and_update_mac_address  nrf_ble_es.o
    0x00027c2c   0x0000005c   Code   RO         3720    i.check_rollovers_and_update_eid  es_security.o
    0x00027c88   0x00000030   Code   RO         1455    i.clock_clk_started_notify  nrf_drv_clock.o
    0x00027cb8   0x00000066   Code   RO         3071    i.cmac_compute_n    eax.o
    0x00027d1e   0x00000022   Code   RO         2969    i.cmac_process      cmac.o
    0x00027d40   0x00000050   Code   RO         2970    i.cmac_process_final  cmac.o
    0x00027d90   0x0000001a   Code   RO         2971    i.cmac_process_final_nopad  cmac.o
    0x00027daa   0x0000001a   Code   RO         2972    i.cmac_process_final_pad  cmac.o
    0x00027dc4   0x0000008c   Code   RO         2496    i.compare_reg_update  app_timer.o
    0x00027e50   0x00000074   Code   RO         3893    i.configure_eid_slot  es_slot.o
    0x00027ec4   0x000000b0   Code   RO         3894    i.configure_slot    es_slot.o
    0x00027f74   0x00000054   Code   RO         4007    i.configured_slots_on_clear_update  es_slot_reg.o
    0x00027fc8   0x0000005a   Code   RO          628    i.conn_int_check    ble_advdata.o
    0x00028022   0x00000068   Code   RO          629    i.conn_int_encode   ble_advdata.o
    0x0002808a   0x0000004a   Code   RO            9    i.conn_params_init  main.o
    0x000280d4   0x00000054   Code   RO          894    i.conn_params_negotiation  ble_conn_params.o
    0x00028128   0x00000060   Code   RO         3102    i.connectable_adv_start  es_adv.o
    0x00028188   0x00000054   Code   RO          529    i.connection_buttons_configure  bsp_btn_ble.o
    0x000281dc   0x0000003a   Code   RO         4664    i.ctr_next_block    modes.o
    0x00028216   0x00000030   Code   RO         1242    i.data_length_update  nrf_ble_gatt.o
    0x00028246   0x0000004a   Code   RO         4158    i.delete_execute    fds.o
    0x00028290   0x0000008c   Code   RO         2278    i.detection_delay_timeout_handler  app_button.o
    0x0002831c   0x0000012c   Code   RO         3721    i.eid_generate      es_security.o
    0x00028448   0x00000064   Code   RO         2497    i.elapsed_ticks_acquire  app_timer.o
    0x000284ac   0x00000050   Code   RO         5018    i.erase             nrf_fstorage_sd.o
    0x000284fc   0x0000000e   Code   RO         5019    i.erase_execute     nrf_fstorage_sd.o
    0x0002850a   0x00000002   PAD
    0x0002850c   0x00000054   Code   RO         5637    i.errata_108        system_nrf52.o
    0x00028560   0x00000054   Code   RO         5638    i.errata_12         system_nrf52.o
    0x000285b4   0x00000054   Code   RO         5639    i.errata_136        system_nrf52.o
    0x00028608   0x00000030   Code   RO         5640    i.errata_16         system_nrf52.o
    0x00028638   0x00000054   Code   RO         5641    i.errata_31         system_nrf52.o
    0x0002868c   0x00000030   Code   RO         5642    i.errata_32         system_nrf52.o
    0x000286bc   0x00000054   Code   RO         5643    i.errata_36         system_nrf52.o
    0x00028710   0x00000030   Code   RO         5644    i.errata_37         system_nrf52.o
    0x00028740   0x00000030   Code   RO         5645    i.errata_57         system_nrf52.o
    0x00028770   0x00000030   Code   RO         5646    i.errata_66         system_nrf52.o
    0x000287a0   0x0000000e   Code   RO         3247    i.es_adv_frame_fill_connectable_adv_data  es_adv_frame.o
    0x000287ae   0x0000004e   Code   RO         3248    i.es_adv_frame_fill_non_connectable_adv_data  es_adv_frame.o
    0x000287fc   0x00000048   Code   RO         3103    i.es_adv_init       es_adv.o
    0x00028844   0x0000000c   Code   RO         3104    i.es_adv_interval_get  es_adv.o
    0x00028850   0x00000068   Code   RO         3105    i.es_adv_interval_set  es_adv.o
    0x000288b8   0x0000004c   Code   RO         3106    i.es_adv_on_ble_evt  es_adv.o
    0x00028904   0x0000000c   Code   RO         3107    i.es_adv_remain_connectable_get  es_adv.o
    0x00028910   0x0000000c   Code   RO         3108    i.es_adv_remain_connectable_set  es_adv.o
    0x0002891c   0x00000018   Code   RO         3109    i.es_adv_start_connectable_adv  es_adv.o
    0x00028934   0x00000010   Code   RO         3110    i.es_adv_start_non_connctable_adv  es_adv.o
    0x00028944   0x00000008   Code   RO         3111    i.es_adv_timers_init  es_adv.o
    0x0002894c   0x00000024   Code   RO         3292    i.es_adv_timing_init  es_adv_timing.o
    0x00028970   0x000000da   Code   RO         3368    i.es_adv_timing_resolve  es_adv_timing_resolver.o
    0x00028a4a   0x00000002   PAD
    0x00028a4c   0x00000074   Code   RO         3293    i.es_adv_timing_start  es_adv_timing.o
    0x00028ac0   0x0000000c   Code   RO         3294    i.es_adv_timing_stop  es_adv_timing.o
    0x00028acc   0x00000050   Code   RO         3295    i.es_adv_timing_timers_init  es_adv_timing.o
    0x00028b1c   0x0000005c   Code   RO         3405    i.es_battery_voltage_get  es_battery_voltage_saadc.o
    0x00028b78   0x00000084   Code   RO         3406    i.es_battery_voltage_init  es_battery_voltage_saadc.o
    0x00028bfc   0x00000066   Code   RO         3722    i.es_beacon_ecdh_pair_generate  es_security.o
    0x00028c62   0x00000002   PAD
    0x00028c64   0x00000028   Code   RO         3453    i.es_flash_access_beacon_config  es_flash.o
    0x00028c8c   0x00000024   Code   RO         3454    i.es_flash_access_flags  es_flash.o
    0x00028cb0   0x00000024   Code   RO         3455    i.es_flash_access_lock_key  es_flash.o
    0x00028cd4   0x00000048   Code   RO         3456    i.es_flash_access_slot_configs  es_flash.o
    0x00028d1c   0x0000001c   Code   RO         3457    i.es_flash_factory_reset  es_flash.o
    0x00028d38   0x00000044   Code   RO         3458    i.es_flash_init     es_flash.o
    0x00028d7c   0x0000000c   Code   RO         3459    i.es_flash_num_pending_ops  es_flash.o
    0x00028d88   0x00000078   Code   RO         3460    i.es_flash_on_ble_evt  es_flash.o
    0x00028e00   0x000000ac   Code   RO         3550    i.es_gatts_handle_read  es_gatts.o
    0x00028eac   0x000000c0   Code   RO         3551    i.es_gatts_handle_write  es_gatts.o
    0x00028f6c   0x0000002c   Code   RO         3552    i.es_gatts_init     es_gatts.o
    0x00028f98   0x0000004a   Code   RO         3614    i.es_gatts_read_handle_locked_read  es_gatts_read.o
    0x00028fe2   0x00000030   Code   RO         3615    i.es_gatts_read_handle_unlock  es_gatts_read.o
    0x00029012   0x000000fc   Code   RO         3616    i.es_gatts_read_handle_unlocked_read  es_gatts_read.o
    0x0002910e   0x00000046   Code   RO         3553    i.es_gatts_send_op_not_permitted  es_gatts.o
    0x00029154   0x00000034   Code   RO         3554    i.es_gatts_send_reply  es_gatts.o
    0x00029188   0x00000074   Code   RO         3677    i.es_gatts_write_handle_unlock  es_gatts_write.o
    0x000291fc   0x0000013e   Code   RO         3678    i.es_gatts_write_handle_unlocked_write  es_gatts_write.o
    0x0002933a   0x00000002   PAD
    0x0002933c   0x00000138   Code   RO         3723    i.es_security_client_pub_ecdh_receive  es_security.o
    0x00029474   0x00000018   Code   RO         3724    i.es_security_clock_get  es_security.o
    0x0002948c   0x0000001c   Code   RO         3725    i.es_security_eid_get  es_security.o
    0x000294a8   0x00000020   Code   RO         3726    i.es_security_eid_slot_destroy  es_security.o
    0x000294c8   0x00000078   Code   RO         3727    i.es_security_eid_slots_restore  es_security.o
    0x00029540   0x0000003c   Code   RO         3728    i.es_security_encrypted_eid_id_key_get  es_security.o
    0x0002957c   0x00000070   Code   RO         3729    i.es_security_init  es_security.o
    0x000295ec   0x00000030   Code   RO         3730    i.es_security_lock_code_update  es_security.o
    0x0002961c   0x00000024   Code   RO         3731    i.es_security_plain_eid_id_key_get  es_security.o
    0x00029640   0x00000018   Code   RO         3732    i.es_security_pub_ecdh_get  es_security.o
    0x00029658   0x0000000c   Code   RO         3733    i.es_security_random_challenge_generate  es_security.o
    0x00029664   0x0000001c   Code   RO         3734    i.es_security_scaler_get  es_security.o
    0x00029680   0x0000007c   Code   RO         3735    i.es_security_shared_ik_receive  es_security.o
    0x000296fc   0x00000134   Code   RO         3736    i.es_security_tlm_to_etlm  es_security.o
    0x00029830   0x00000024   Code   RO         3737    i.es_security_unlock_prepare  es_security.o
    0x00029854   0x00000024   Code   RO         3738    i.es_security_unlock_verify  es_security.o
    0x00029878   0x000000b0   Code   RO         3739    i.es_security_update_time  es_security.o
    0x00029928   0x00000078   Code   RO         3895    i.es_slot_eid_ready  es_slot.o
    0x000299a0   0x00000028   Code   RO         3896    i.es_slot_encrypted_eid_id_key_set  es_slot.o
    0x000299c8   0x0000005c   Code   RO         3897    i.es_slot_etlm_update  es_slot.o
    0x00029a24   0x00000008   Code   RO         3898    i.es_slot_get_registry  es_slot.o
    0x00029a2c   0x00000098   Code   RO         3899    i.es_slot_on_write  es_slot.o
    0x00029ac4   0x00000038   Code   RO         3900    i.es_slot_radio_tx_pwr_set  es_slot.o
    0x00029afc   0x00000058   Code   RO         4008    i.es_slot_reg_clear_slot  es_slot_reg.o
    0x00029b54   0x00000018   Code   RO         4009    i.es_slot_reg_etlm_required  es_slot_reg.o
    0x00029b6c   0x0000002e   Code   RO         4010    i.es_slot_reg_init  es_slot_reg.o
    0x00029b9a   0x0000007a   Code   RO         4011    i.es_slot_reg_update_slot_list_info_on_add  es_slot_reg.o
    0x00029c14   0x00000038   Code   RO         3901    i.es_slot_set_adv_custom_tx_power  es_slot.o
    0x00029c4c   0x00000024   Code   RO         3902    i.es_slot_tlm_update  es_slot.o
    0x00029c70   0x0000006c   Code   RO         3903    i.es_slot_write_to_flash  es_slot.o
    0x00029cdc   0x00000070   Code   RO         3904    i.es_slots_init     es_slot.o
    0x00029d4c   0x00000070   Code   RO         4059    i.es_stopwatch_check  es_stopwatch.o
    0x00029dbc   0x0000004c   Code   RO         4060    i.es_stopwatch_create  es_stopwatch.o
    0x00029e08   0x00000034   Code   RO         4061    i.es_stopwatch_init  es_stopwatch.o
    0x00029e3c   0x00000010   Code   RO         4098    i.es_tlm_adv_cnt_inc  es_tlm.o
    0x00029e4c   0x00000074   Code   RO         4099    i.es_tlm_init       es_tlm.o
    0x00029ec0   0x00000034   Code   RO         4100    i.es_tlm_tlm_get    es_tlm.o
    0x00029ef4   0x0000007e   Code   RO         4160    i.event_prepare     fds.o
    0x00029f72   0x00000002   PAD
    0x00029f74   0x00000028   Code   RO         4161    i.event_send        fds.o
    0x00029f9c   0x00000064   Code   RO         5020    i.event_send        nrf_fstorage_sd.o
    0x0002a000   0x00000058   Code   RO         2498    i.expired_timers_handler  app_timer.o
    0x0002a058   0x00000098   Code   RO         3461    i.fds_cb            es_flash.o
    0x0002a0f0   0x00000044   Code   RO         4163    i.fds_file_delete   fds.o
    0x0002a134   0x0000003c   Code   RO         4164    i.fds_gc            fds.o
    0x0002a170   0x00000024   Code   RO         3462    i.fds_gc_event      es_flash.o
    0x0002a194   0x000000c4   Code   RO         4165    i.fds_init          fds.o
    0x0002a258   0x00000058   Code   RO         4166    i.fds_record_close  fds.o
    0x0002a2b0   0x0000003e   Code   RO         4167    i.fds_record_delete  fds.o
    0x0002a2ee   0x00000014   Code   RO         4169    i.fds_record_find_by_key  fds.o
    0x0002a302   0x00000002   PAD
    0x0002a304   0x0000004c   Code   RO         4173    i.fds_record_open   fds.o
    0x0002a350   0x0000001a   Code   RO         4174    i.fds_record_update  fds.o
    0x0002a36a   0x00000014   Code   RO         4175    i.fds_record_write  fds.o
    0x0002a37e   0x00000002   PAD
    0x0002a380   0x00000030   Code   RO         4177    i.fds_register      fds.o
    0x0002a3b0   0x00000034   Code   RO         4181    i.file_find_and_delete  fds.o
    0x0002a3e4   0x00000080   Code   RO         3249    i.fill_adv_data     es_adv_frame.o
    0x0002a464   0x00000010   Code   RO         4182    i.flag_clear        fds.o
    0x0002a474   0x00000018   Code   RO         4183    i.flag_is_set       fds.o
    0x0002a48c   0x00000010   Code   RO         4184    i.flag_set          fds.o
    0x0002a49c   0x00000036   Code   RO          630    i.flags_encode      ble_advdata.o
    0x0002a4d2   0x00000002   PAD
    0x0002a4d4   0x0000001c   Code   RO         4185    i.flash_bounds_set  fds.o
    0x0002a4f0   0x0000001a   Code   RO         4186    i.flash_end_addr    fds.o
    0x0002a50a   0x00000028   Code   RO         3296    i.frame_to_adv_is_tlm  es_adv_timing.o
    0x0002a532   0x0000000c   Code   RO         4187    i.fs_event_handler  fds.o
    0x0002a53e   0x00000002   PAD
    0x0002a540   0x00000098   Code   RO           10    i.gap_params_init   main.o
    0x0002a5d8   0x00000024   Code   RO           11    i.gatt_init         main.o
    0x0002a5fc   0x00000070   Code   RO         4188    i.gc_execute        fds.o
    0x0002a66c   0x0000003c   Code   RO         4189    i.gc_init           fds.o
    0x0002a6a8   0x00000028   Code   RO         4190    i.gc_next_page      fds.o
    0x0002a6d0   0x00000044   Code   RO         4191    i.gc_page_erase     fds.o
    0x0002a714   0x00000048   Code   RO         4192    i.gc_page_next      fds.o
    0x0002a75c   0x00000040   Code   RO         4193    i.gc_record_copy    fds.o
    0x0002a79c   0x00000024   Code   RO         4194    i.gc_record_find_next  fds.o
    0x0002a7c0   0x00000058   Code   RO         4195    i.gc_state_advance  fds.o
    0x0002a818   0x0000002c   Code   RO         4196    i.gc_swap_erase     fds.o
    0x0002a844   0x00000044   Code   RO         4197    i.gc_swap_pages     fds.o
    0x0002a888   0x00000020   Code   RO         4198    i.gc_swap_promote   fds.o
    0x0002a8a8   0x00000018   Code   RO         4199    i.gc_tag_new_swap   fds.o
    0x0002a8c0   0x00000020   Code   RO         4200    i.gc_update_swap_offset  fds.o
    0x0002a8e0   0x0000000c   Code   RO         2175    i.getSBoxInvert     aes.o
    0x0002a8ec   0x0000000c   Code   RO         2176    i.getSBoxValue      aes.o
    0x0002a8f8   0x0000000c   Code   RO         3369    i.get_adv_delay     es_adv_timing_resolver.o
    0x0002a904   0x0000003a   Code   RO         3112    i.get_adv_params    es_adv.o
    0x0002a93e   0x00000002   PAD
    0x0002a940   0x0000003c   Code   RO         1360    i.get_evt_type_for_handle  nrf_ble_escs.o
    0x0002a97c   0x0000001a   Code   RO         2836    i.gf_poly_mul2      cifra_eax_aes.o
    0x0002a996   0x00000002   PAD
    0x0002a998   0x00000080   Code   RO         2279    i.gpiote_event_handler  app_button.o
    0x0002aa18   0x00000018   Code   RO         4879    i.handle_evt        nrf_ble_es.o
    0x0002aa30   0x00000018   Code   RO         4201    i.header_is_valid   fds.o
    0x0002aa48   0x0000003c   Code   RO         5021    i.init              nrf_fstorage_sd.o
    0x0002aa84   0x00000118   Code   RO         4202    i.init_execute      fds.o
    0x0002ab9c   0x0000002c   Code   RO          895    i.instance_get      ble_conn_params.o
    0x0002abc8   0x00000058   Code   RO         2837    i.inv_mix_column    cifra_eax_aes.o
    0x0002ac20   0x00000026   Code   RO         2838    i.inv_mix_columns   cifra_eax_aes.o
    0x0002ac46   0x0000008c   Code   RO         2839    i.inv_shift_rows    cifra_eax_aes.o
    0x0002acd2   0x00000002   PAD
    0x0002acd4   0x00000034   Code   RO         2840    i.inv_sub_block     cifra_eax_aes.o
    0x0002ad08   0x00000018   Code   RO         3113    i.invoke_callback   es_adv.o
    0x0002ad20   0x00000024   Code   RO         3297    i.invoke_callback   es_adv_timing.o
    0x0002ad44   0x00000014   Code   RO         3555    i.is_beacon_unlocked  es_gatts.o
    0x0002ad58   0x00000014   Code   RO         5022    i.is_busy           nrf_fstorage_sd.o
    0x0002ad6c   0x00000072   Code   RO          896    i.is_conn_params_ok  ble_conn_params.o
    0x0002adde   0x0000001e   Code   RO         3370    i.is_eid            es_adv_timing_resolver.o
    0x0002adfc   0x00000010   Code   RO         4203    i.is_word_aligned   fds.o
    0x0002ae0c   0x0000000c   Code   RO         1458    i.item_dequeue      nrf_drv_clock.o
    0x0002ae18   0x00000020   Code   RO           12    i.leds_init         main.o
    0x0002ae38   0x00000028   Code   RO          420    i.leds_off          bsp.o
    0x0002ae60   0x00000020   Code   RO          421    i.leds_timer_handler  bsp.o
    0x0002ae80   0x0000005e   Code   RO         3679    i.length_is_valid   es_gatts_write.o
    0x0002aede   0x00000002   PAD
    0x0002aee0   0x0000001c   Code   RO         1461    i.lfclk_stop        nrf_drv_clock.o
    0x0002aefc   0x00000014   Code   RO         1243    i.link_init         nrf_ble_gatt.o
    0x0002af10   0x0000013c   Code   RO         2499    i.list_insertions_handler  app_timer.o
    0x0002b04c   0x00000080   Code   RO         3905    i.load_slot_from_flash  es_slot.o
    0x0002b0cc   0x00000010   Code   RO         4880    i.lock_beacon       nrf_ble_es.o
    0x0002b0dc   0x0000006c   Code   RO         3740    i.lock_code_init    es_security.o
    0x0002b148   0x00000038   Code   RO           13    i.main              main.o
    0x0002b180   0x00000076   Code   RO          631    i.manuf_specific_data_encode  ble_advdata.o
    0x0002b1f6   0x00000016   Code   RO         2841    i.mask_u8           cifra_eax_aes.o
    0x0002b20c   0x00000014   Code   RO         2973    i.mem_clean         cmac.o
    0x0002b220   0x00000030   Code   RO         2842    i.mix_column        cifra_eax_aes.o
    0x0002b250   0x00000026   Code   RO         2843    i.mix_columns       cifra_eax_aes.o
    0x0002b276   0x000000c2   Code   RO          632    i.name_encode       ble_advdata.o
    0x0002b338   0x0000005a   Code   RO         4881    i.new_address_set   nrf_ble_es.o
    0x0002b392   0x00000002   PAD
    0x0002b394   0x00000018   Code   RO         2432    i.next_index        app_scheduler.o
    0x0002b3ac   0x00000016   Code   RO         1697    i.nrf_bitmask_bit_is_set  nrf_drv_gpiote.o
    0x0002b3c2   0x00000002   PAD
    0x0002b3c4   0x00000094   Code   RO         4882    i.nrf_ble_es_init   nrf_ble_es.o
    0x0002b458   0x00000040   Code   RO         4883    i.nrf_ble_es_on_ble_evt  nrf_ble_es.o
    0x0002b498   0x00000008   Code   RO         4884    i.nrf_ble_es_on_start_connectable_advertising  nrf_ble_es.o
    0x0002b4a0   0x0000022c   Code   RO         1361    i.nrf_ble_escs_init  nrf_ble_escs.o
    0x0002b6cc   0x00000084   Code   RO         1362    i.nrf_ble_escs_on_ble_evt  nrf_ble_escs.o
    0x0002b750   0x000000c8   Code   RO         4885    i.nrf_ble_escs_security_cb  nrf_ble_es.o
    0x0002b818   0x00000034   Code   RO         1249    i.nrf_ble_gatt_init  nrf_ble_gatt.o
    0x0002b84c   0x000000ae   Code   RO         1250    i.nrf_ble_gatt_on_ble_evt  nrf_ble_gatt.o
    0x0002b8fa   0x00000012   Code   RO         1462    i.nrf_clock_event_check  nrf_drv_clock.o
    0x0002b90c   0x00000012   Code   RO         1463    i.nrf_clock_event_clear  nrf_drv_clock.o
    0x0002b91e   0x00000002   PAD
    0x0002b920   0x0000000c   Code   RO         1465    i.nrf_clock_int_disable  nrf_drv_clock.o
    0x0002b92c   0x00000010   Code   RO         1467    i.nrf_clock_lf_is_running  nrf_drv_clock.o
    0x0002b93c   0x00000008   Code   RO         1468    i.nrf_clock_task_trigger  nrf_drv_clock.o
    0x0002b944   0x0000009c   Code   RO         2500    i.nrf_delay_us      app_timer.o
    0x0002b9e0   0x00000068   Code   RO         1474    i.nrf_drv_clock_init  nrf_drv_clock.o
    0x0002ba48   0x00000030   Code   RO         1478    i.nrf_drv_clock_lfclk_release  nrf_drv_clock.o
    0x0002ba78   0x00000060   Code   RO         1656    i.nrf_drv_common_irq_enable  nrf_drv_common.o
    0x0002bad8   0x000000ac   Code   RO         1702    i.nrf_drv_gpiote_in_event_enable  nrf_drv_gpiote.o
    0x0002bb84   0x000000dc   Code   RO         1703    i.nrf_drv_gpiote_in_init  nrf_drv_gpiote.o
    0x0002bc60   0x00000014   Code   RO         1704    i.nrf_drv_gpiote_in_is_set  nrf_drv_gpiote.o
    0x0002bc74   0x00000060   Code   RO         1706    i.nrf_drv_gpiote_init  nrf_drv_gpiote.o
    0x0002bcd4   0x00000014   Code   RO         1707    i.nrf_drv_gpiote_is_init  nrf_drv_gpiote.o
    0x0002bce8   0x000000c0   Code   RO         1988    i.nrf_drv_saadc_buffer_convert  nrf_drv_saadc.o
    0x0002bda8   0x00000088   Code   RO         1990    i.nrf_drv_saadc_channel_init  nrf_drv_saadc.o
    0x0002be30   0x000000a4   Code   RO         1992    i.nrf_drv_saadc_init  nrf_drv_saadc.o
    0x0002bed4   0x00000014   Code   RO         1993    i.nrf_drv_saadc_is_busy  nrf_drv_saadc.o
    0x0002bee8   0x00000030   Code   RO         1995    i.nrf_drv_saadc_sample  nrf_drv_saadc.o
    0x0002bf18   0x00000054   Code   RO         4964    i.nrf_fstorage_erase  nrf_fstorage.o
    0x0002bf6c   0x0000001e   Code   RO         4965    i.nrf_fstorage_init  nrf_fstorage.o
    0x0002bf8a   0x00000002   PAD
    0x0002bf8c   0x00000030   Code   RO         5023    i.nrf_fstorage_sdh_req_handler  nrf_fstorage_sd.o
    0x0002bfbc   0x00000038   Code   RO         5024    i.nrf_fstorage_sdh_state_handler  nrf_fstorage_sd.o
    0x0002bff4   0x00000090   Code   RO         5025    i.nrf_fstorage_sys_evt_handler  nrf_fstorage_sd.o
    0x0002c084   0x0000006c   Code   RO         4969    i.nrf_fstorage_write  nrf_fstorage.o
    0x0002c0f0   0x00000028   Code   RO          303    i.nrf_gpio_cfg      boards.o
    0x0002c118   0x00000028   Code   RO         1721    i.nrf_gpio_cfg      nrf_drv_gpiote.o
    0x0002c140   0x00000032   Code   RO         1723    i.nrf_gpio_cfg_sense_set  nrf_drv_gpiote.o
    0x0002c172   0x00000018   Code   RO         1725    i.nrf_gpio_pin_read  nrf_drv_gpiote.o
    0x0002c18a   0x0000003a   Code   RO          304    i.nrf_gpio_pin_write  boards.o
    0x0002c1c4   0x00000028   Code   RO         1727    i.nrf_gpio_ports_read  nrf_drv_gpiote.o
    0x0002c1ec   0x0000000c   Code   RO         1728    i.nrf_gpiote_event_addr_get  nrf_drv_gpiote.o
    0x0002c1f8   0x0000001c   Code   RO         1729    i.nrf_gpiote_event_clear  nrf_drv_gpiote.o
    0x0002c214   0x00000016   Code   RO         1730    i.nrf_gpiote_event_is_set  nrf_drv_gpiote.o
    0x0002c22a   0x00000002   PAD
    0x0002c22c   0x0000000c   Code   RO         1731    i.nrf_gpiote_int_enable  nrf_drv_gpiote.o
    0x0002c238   0x00000010   Code   RO         1999    i.nrf_saadc_buffer_init  nrf_drv_saadc.o
    0x0002c248   0x00000070   Code   RO         2135    i.nrf_saadc_channel_init  nrf_saadc.o
    0x0002c2b8   0x00000018   Code   RO         2000    i.nrf_saadc_channel_input_set  nrf_drv_saadc.o
    0x0002c2d0   0x00000014   Code   RO         2001    i.nrf_saadc_event_check  nrf_drv_saadc.o
    0x0002c2e4   0x00000018   Code   RO         2002    i.nrf_saadc_event_clear  nrf_drv_saadc.o
    0x0002c2fc   0x0000000c   Code   RO         2003    i.nrf_saadc_int_disable  nrf_drv_saadc.o
    0x0002c308   0x0000000c   Code   RO         2004    i.nrf_saadc_int_enable  nrf_drv_saadc.o
    0x0002c314   0x0000000c   Code   RO         2006    i.nrf_saadc_task_trigger  nrf_drv_saadc.o
    0x0002c320   0x00000018   Code   RO         5542    i.nrf_sdh_ble_app_ram_start_get  nrf_sdh_ble.o
    0x0002c338   0x00000010   Code   RO         5544    i.nrf_sdh_ble_enable  nrf_sdh_ble.o
    0x0002c348   0x00000060   Code   RO         5545    i.nrf_sdh_ble_evts_poll  nrf_sdh_ble.o
    0x0002c3a8   0x00000058   Code   RO         5417    i.nrf_sdh_disable_request  nrf_sdh.o
    0x0002c400   0x00000078   Code   RO         5418    i.nrf_sdh_enable_request  nrf_sdh.o
    0x0002c478   0x00000030   Code   RO         5419    i.nrf_sdh_evts_poll  nrf_sdh.o
    0x0002c4a8   0x0000000c   Code   RO         5420    i.nrf_sdh_is_enabled  nrf_sdh.o
    0x0002c4b4   0x00000028   Code   RO         5422    i.nrf_sdh_request_continue  nrf_sdh.o
    0x0002c4dc   0x00000054   Code   RO         5597    i.nrf_sdh_soc_evts_poll  nrf_sdh_soc.o
    0x0002c530   0x00000006   Code   RO         5425    i.nrf_section_iter_get  nrf_sdh.o
    0x0002c536   0x00000014   Code   RO         5228    i.nrf_section_iter_init  nrf_section_iter.o
    0x0002c54a   0x0000002e   Code   RO         5229    i.nrf_section_iter_item_set  nrf_section_iter.o
    0x0002c578   0x0000002e   Code   RO         5230    i.nrf_section_iter_next  nrf_section_iter.o
    0x0002c5a6   0x00000002   PAD
    0x0002c5a8   0x000000dc   Code   RO         4886    i.on_ble_evt        nrf_ble_es.o
    0x0002c684   0x00000030   Code   RO          897    i.on_conn_params_update  ble_conn_params.o
    0x0002c6b4   0x00000070   Code   RO          898    i.on_connect        ble_conn_params.o
    0x0002c724   0x00000012   Code   RO         1363    i.on_connect        nrf_ble_escs.o
    0x0002c736   0x00000066   Code   RO         1251    i.on_connected_evt  nrf_ble_gatt.o
    0x0002c79c   0x00000054   Code   RO         1252    i.on_data_length_update_evt  nrf_ble_gatt.o
    0x0002c7f0   0x00000044   Code   RO         1253    i.on_data_length_update_request_evt  nrf_ble_gatt.o
    0x0002c834   0x00000032   Code   RO          899    i.on_disconnect     ble_conn_params.o
    0x0002c866   0x00000014   Code   RO         1364    i.on_disconnect     nrf_ble_escs.o
    0x0002c87a   0x00000014   Code   RO         1254    i.on_disconnected_evt  nrf_ble_gatt.o
    0x0002c88e   0x00000022   Code   RO           14    i.on_es_evt         main.o
    0x0002c8b0   0x0000006c   Code   RO         1255    i.on_exchange_mtu_request_evt  nrf_ble_gatt.o
    0x0002c91c   0x00000064   Code   RO         1256    i.on_exchange_mtu_rsp_evt  nrf_ble_gatt.o
    0x0002c980   0x00000144   Code   RO         1365    i.on_long_write     nrf_ble_escs.o
    0x0002cac4   0x00000020   Code   RO         5026    i.on_operation_failure  nrf_fstorage_sd.o
    0x0002cae4   0x00000060   Code   RO         5027    i.on_operation_success  nrf_fstorage_sd.o
    0x0002cb44   0x00000040   Code   RO         1366    i.on_read           nrf_ble_escs.o
    0x0002cb84   0x00000076   Code   RO         1367    i.on_rw_authorize_req  nrf_ble_escs.o
    0x0002cbfa   0x00000002   PAD
    0x0002cbfc   0x00000058   Code   RO          900    i.on_write          ble_conn_params.o
    0x0002cc54   0x00000050   Code   RO         1368    i.on_write          nrf_ble_escs.o
    0x0002cca4   0x00000054   Code   RO         4204    i.op_enqueue        fds.o
    0x0002ccf8   0x00000040   Code   RO         4205    i.page_from_record  fds.o
    0x0002cd38   0x0000002c   Code   RO         4206    i.page_has_space    fds.o
    0x0002cd64   0x0000002c   Code   RO         4207    i.page_identify     fds.o
    0x0002cd90   0x0000001e   Code   RO         4208    i.page_is_erased    fds.o
    0x0002cdae   0x00000012   Code   RO         4209    i.page_offsets_update  fds.o
    0x0002cdc0   0x00000068   Code   RO         4210    i.page_scan         fds.o
    0x0002ce28   0x00000020   Code   RO         4211    i.page_tag_write_data  fds.o
    0x0002ce48   0x00000024   Code   RO         4212    i.page_tag_write_swap  fds.o
    0x0002ce6c   0x00000130   Code   RO         4213    i.pages_init        fds.o
    0x0002cf9c   0x0000001c   Code   RO         1734    i.pin_in_use_by_gpiote  nrf_drv_gpiote.o
    0x0002cfb8   0x00000018   Code   RO         1735    i.pin_in_use_by_port  nrf_drv_gpiote.o
    0x0002cfd0   0x00000020   Code   RO         1736    i.pin_in_use_by_te  nrf_drv_gpiote.o
    0x0002cff0   0x0000000c   Code   RO         1737    i.pin_in_use_clear  nrf_drv_gpiote.o
    0x0002cffc   0x0000001a   Code   RO           15    i.power_manage      main.o
    0x0002d016   0x00000002   PAD
    0x0002d018   0x00000058   Code   RO         4214    i.queue_advance     fds.o
    0x0002d070   0x00000024   Code   RO         5028    i.queue_advance     nrf_fstorage_sd.o
    0x0002d094   0x00000068   Code   RO         5029    i.queue_get_next_free  nrf_fstorage_sd.o
    0x0002d0fc   0x000000a0   Code   RO         4215    i.queue_process     fds.o
    0x0002d19c   0x0000007c   Code   RO         5030    i.queue_process     nrf_fstorage_sd.o
    0x0002d218   0x00000018   Code   RO         4216    i.queue_start       fds.o
    0x0002d230   0x00000018   Code   RO         5031    i.queue_start       nrf_fstorage_sd.o
    0x0002d248   0x0000001c   Code   RO         5032    i.read              nrf_fstorage_sd.o
    0x0002d264   0x00000018   Code   RO         2844    i.read32_be         cifra_eax_aes.o
    0x0002d27c   0x00000018   Code   RO         4580    i.read32_be         gf128.o
    0x0002d294   0x000000c2   Code   RO         3617    i.read_adv_slot     es_gatts_read.o
    0x0002d356   0x00000002   PAD
    0x0002d358   0x00000050   Code   RO         3618    i.read_from_gattdb  es_gatts_read.o
    0x0002d3a8   0x0000003c   Code   RO         3619    i.read_value        es_gatts_read.o
    0x0002d3e4   0x00000048   Code   RO         1016    i.record_activate   ble_conn_state.o
    0x0002d42c   0x00000088   Code   RO         4217    i.record_find       fds.o
    0x0002d4b4   0x0000003a   Code   RO         4218    i.record_find_and_delete  fds.o
    0x0002d4ee   0x00000002   PAD
    0x0002d4f0   0x0000007c   Code   RO         4219    i.record_find_by_desc  fds.o
    0x0002d56c   0x00000060   Code   RO         4220    i.record_find_next  fds.o
    0x0002d5cc   0x00000038   Code   RO         4221    i.record_header_flag_dirty  fds.o
    0x0002d604   0x0000002c   Code   RO         4222    i.record_header_write_begin  fds.o
    0x0002d630   0x00000038   Code   RO         4223    i.record_header_write_finalize  fds.o
    0x0002d668   0x00000038   Code   RO         4224    i.record_header_write_id  fds.o
    0x0002d6a0   0x00000014   Code   RO         4225    i.record_id_new     fds.o
    0x0002d6b4   0x0000001c   Code   RO         1017    i.record_invalidate  ble_conn_state.o
    0x0002d6d0   0x00000044   Code   RO         1018    i.record_purge_disconnected  ble_conn_state.o
    0x0002d714   0x00000018   Code   RO         1019    i.record_set_disconnected  ble_conn_state.o
    0x0002d72c   0x00000030   Code   RO         4226    i.record_write_data  fds.o
    0x0002d75c   0x00000012   Code   RO         2845    i.rotr32            cifra_eax_aes.o
    0x0002d76e   0x00000002   PAD
    0x0002d770   0x0000000c   Code   RO         2501    i.rtc1_compare0_set  app_timer.o
    0x0002d77c   0x0000000c   Code   RO         2502    i.rtc1_counter_get  app_timer.o
    0x0002d788   0x00000018   Code   RO         2503    i.rtc1_init         app_timer.o
    0x0002d7a0   0x0000003c   Code   RO         2504    i.rtc1_start        app_timer.o
    0x0002d7dc   0x00000058   Code   RO         2505    i.rtc1_stop         app_timer.o
    0x0002d834   0x00000034   Code   RO         3407    i.saadc_event_handler  es_battery_voltage_saadc.o
    0x0002d868   0x0000002c   Code   RO           16    i.scheduler_init    main.o
    0x0002d894   0x00000058   Code   RO         5426    i.sd_nvic_DisableIRQ  nrf_sdh.o
    0x0002d8ec   0x0000009c   Code   RO         5427    i.sd_nvic_EnableIRQ  nrf_sdh.o
    0x0002d988   0x00000068   Code   RO         2717    i.sd_nvic_critical_region_enter  app_util_platform.o
    0x0002d9f0   0x0000006c   Code   RO         1481    i.sd_state_evt_handler  nrf_drv_clock.o
    0x0002da5c   0x0000003c   Code   RO         5428    i.sdh_request_observer_notify  nrf_sdh.o
    0x0002da98   0x00000034   Code   RO         5429    i.sdh_state_observer_notify  nrf_sdh.o
    0x0002dacc   0x0000007c   Code   RO         5299    i.sdk_mapped_flags_bulk_update_by_key  sdk_mapped_flags.o
    0x0002db48   0x00000024   Code   RO         5300    i.sdk_mapped_flags_first_key_index_get  sdk_mapped_flags.o
    0x0002db6c   0x00000012   Code   RO         5301    i.sdk_mapped_flags_get_by_index  sdk_mapped_flags.o
    0x0002db7e   0x00000042   Code   RO         5304    i.sdk_mapped_flags_key_list_get  sdk_mapped_flags.o
    0x0002dbc0   0x0000001a   Code   RO         5306    i.sdk_mapped_flags_update_by_key  sdk_mapped_flags.o
    0x0002dbda   0x00000044   Code   RO         4581    i.select_u8         gf128.o
    0x0002dc1e   0x000000a0   Code   RO         2846    i.select_u8x4       cifra_eax_aes.o
    0x0002dcbe   0x00000002   PAD
    0x0002dcc0   0x00000018   Code   RO          901    i.send_error_evt    ble_conn_params.o
    0x0002dcd8   0x00000030   Code   RO         3620    i.send_read_reply   es_gatts_read.o
    0x0002dd08   0x00000024   Code   RO          902    i.send_update_request  ble_conn_params.o
    0x0002dd2c   0x00000030   Code   RO         3680    i.send_write_reply  es_gatts_write.o
    0x0002dd5c   0x00000096   Code   RO          633    i.service_data_encode  ble_advdata.o
    0x0002ddf2   0x00000002   PAD
    0x0002ddf4   0x000000b4   Code   RO         3906    i.set_ranging_data_for_slot  es_slot.o
    0x0002dea8   0x0000008c   Code   RO         2847    i.shift_rows        cifra_eax_aes.o
    0x0002df34   0x0000000c   Code   RO         3907    i.slot_boundary_check  es_slot.o
    0x0002df40   0x0000002c   Code   RO         3908    i.slot_is_eid       es_slot.o
    0x0002df6c   0x00000010   Code   RO         1482    i.soc_evt_handler   nrf_drv_clock.o
    0x0002df7c   0x0000000e   Code   RO          634    i.srdata_check      ble_advdata.o
    0x0002df8a   0x00000002   PAD
    0x0002df8c   0x00000034   Code   RO         2848    i.sub_block         cifra_eax_aes.o
    0x0002dfc0   0x00000050   Code   RO         2849    i.sub_word          cifra_eax_aes.o
    0x0002e010   0x000000cc   Code   RO         3741    i.temp_key_generate  es_security.o
    0x0002e0dc   0x0000000a   Code   RO         2506    i.ticks_diff_get    app_timer.o
    0x0002e0e6   0x00000002   PAD
    0x0002e0e8   0x00000030   Code   RO         2507    i.timeout_handler_exec  app_timer.o
    0x0002e118   0x00000030   Code   RO         2508    i.timeout_handler_scheduled_exec  app_timer.o
    0x0002e148   0x00000050   Code   RO         2509    i.timer_list_handler  app_timer.o
    0x0002e198   0x0000000a   Code   RO         2510    i.timer_list_handler_sched  app_timer.o
    0x0002e1a2   0x00000002   PAD
    0x0002e1a4   0x00000068   Code   RO         2511    i.timer_list_insert  app_timer.o
    0x0002e20c   0x00000088   Code   RO         2512    i.timer_list_remove  app_timer.o
    0x0002e294   0x0000005e   Code   RO         2513    i.timer_start_op_schedule  app_timer.o
    0x0002e2f2   0x00000042   Code   RO         2514    i.timer_stop_op_schedule  app_timer.o
    0x0002e334   0x00000098   Code   RO         2515    i.timer_timeouts_check  app_timer.o
    0x0002e3cc   0x0000000a   Code   RO         2516    i.timer_timeouts_check_sched  app_timer.o
    0x0002e3d6   0x0000001c   Code   RO           17    i.timers_init       main.o
    0x0002e3f2   0x00000016   Code   RO         3298    i.tlm_should_be_advertised  es_adv_timing.o
    0x0002e408   0x00000036   Code   RO          635    i.tx_power_level_encode  ble_advdata.o
    0x0002e43e   0x0000000c   Code   RO         1181    i.uint16_decode     ble_srv_common.o
    0x0002e44a   0x0000000c   Code   RO          636    i.uint16_encode     ble_advdata.o
    0x0002e456   0x00000006   Code   RO         5033    i.uninit            nrf_fstorage_sd.o
    0x0002e45c   0x0000003c   Code   RO         4101    i.update_adv_cnt    es_tlm.o
    0x0002e498   0x00000020   Code   RO         4102    i.update_temp       es_tlm.o
    0x0002e4b8   0x00000054   Code   RO         4103    i.update_time       es_tlm.o
    0x0002e50c   0x00000074   Code   RO          903    i.update_timeout_handler  ble_conn_params.o
    0x0002e580   0x00000016   Code   RO         4012    i.update_tlm_configured_on_clearing  es_slot_reg.o
    0x0002e596   0x00000002   PAD
    0x0002e598   0x00000024   Code   RO         4104    i.update_vbatt      es_tlm.o
    0x0002e5bc   0x0000003c   Code   RO         2517    i.user_op_alloc     app_timer.o
    0x0002e5f8   0x0000000c   Code   RO         2518    i.user_op_enque     app_timer.o
    0x0002e604   0x0000004e   Code   RO          637    i.uuid_list_encode  ble_advdata.o
    0x0002e652   0x000000dc   Code   RO          638    i.uuid_list_sized_encode  ble_advdata.o
    0x0002e72e   0x00000042   Code   RO         5034    i.write             nrf_fstorage_sd.o
    0x0002e770   0x00000016   Code   RO         2850    i.write32_be        cifra_eax_aes.o
    0x0002e786   0x00000016   Code   RO         4583    i.write32_be        gf128.o
    0x0002e79c   0x000000e0   Code   RO         4227    i.write_enqueue     fds.o
    0x0002e87c   0x000000c0   Code   RO         4228    i.write_execute     fds.o
    0x0002e93c   0x00000058   Code   RO         5035    i.write_execute     nrf_fstorage_sd.o
    0x0002e994   0x0000001c   Code   RO         4229    i.write_space_free  fds.o
    0x0002e9b0   0x0000006c   Code   RO         4230    i.write_space_reserve  fds.o
    0x0002ea1c   0x00000018   Code   RO         4665    i.xor_bb            modes.o
    0x0002ea34   0x00000014   Code   RO         2177    i.xtime             aes.o
    0x0002ea48   0x00000008   Data   RO          305    .constdata          boards.o
    0x0002ea50   0x0000002c   Data   RO          424    .constdata          bsp.o
    0x0002ea7c   0x00000016   Data   RO         1257    .constdata          nrf_ble_gatt.o
    0x0002ea92   0x00000002   PAD
    0x0002ea94   0x00000060   Data   RO         1370    .constdata          nrf_ble_escs.o
    0x0002eaf4   0x00000047   Data   RO         1739    .constdata          nrf_drv_gpiote.o
    0x0002eb3b   0x000000bd   Data   RO         2008    .constdata          nrf_drv_saadc.o
    0x0002ebf8   0x000002ff   Data   RO         2179    .constdata          aes.o
    0x0002eef7   0x00000001   PAD
    0x0002eef8   0x00000008   Data   RO         2281    .constdata          app_button.o
    0x0002ef00   0x00000218   Data   RO         2851    .constdata          cifra_eax_aes.o
    0x0002f118   0x00000004   Data   RO         3114    .constdata          es_adv.o
    0x0002f11c   0x00000004   Data   RO         3250    .constdata          es_adv_frame.o
    0x0002f120   0x00000020   Data   RO         3300    .constdata          es_adv_timing.o
    0x0002f140   0x00000009   Data   RO         3408    .constdata          es_battery_voltage_saadc.o
    0x0002f149   0x00000003   PAD
    0x0002f14c   0x00000040   Data   RO         3464    .constdata          es_flash.o
    0x0002f18c   0x00000008   Data   RO         3621    .constdata          es_gatts_read.o
    0x0002f194   0x00000014   Data   RO         4232    .constdata          fds.o
    0x0002f1a8   0x00000040   Data   RO         4888    .constdata          nrf_ble_es.o
    0x0002f1e8   0x00000020   Data   RO         5037    .constdata          nrf_fstorage_sd.o
    0x0002f208   0x00000058   Data   RO         5430    .constdata          nrf_sdh.o
    0x0002f260   0x0000002c   Data   RO         5547    .constdata          nrf_sdh_ble.o
    0x0002f28c   0x0000001c   Data   RO         5598    .constdata          nrf_sdh_soc.o
    0x0002f2a8   0x00000020   Data   RO         5723    .rodata.base        occ_lib_nrf52.lib(occ_lib_occ_curve25519.c.o)
    0x0002f2c8   0x00000100   Data   RO         5788    .rodata.const_table  occ_lib_nrf52.lib(occ_lib_occ_sha256.c.o)
    0x0002f3c8   0x00000020   Data   RO         5858    Region$$Table       anon$$obj.o
    0x0002f3e8   0x00000008   Data   RO         1023    sdh_ble_observers0  ble_conn_state.o
    0x0002f3f0   0x00000008   Data   RO           20    sdh_ble_observers1  main.o
    0x0002f3f8   0x00000008   Data   RO          532    sdh_ble_observers1  bsp_btn_ble.o
    0x0002f400   0x00000008   Data   RO         4890    sdh_ble_observers1  nrf_ble_es.o
    0x0002f408   0x00000008   Data   RO           21    sdh_ble_observers2  main.o
    0x0002f410   0x00000008   Data   RO          906    sdh_ble_observers2  ble_conn_params.o
    0x0002f418   0x00000008   Data   RO         5039    sdh_req_observers0  nrf_fstorage_sd.o
    0x0002f420   0x00000008   Data   RO         1485    sdh_soc_observers0  nrf_drv_clock.o
    0x0002f428   0x00000008   Data   RO         5040    sdh_soc_observers0  nrf_fstorage_sd.o
    0x0002f430   0x00000008   Data   RO         5548    sdh_stack_observers0  nrf_sdh_ble.o
    0x0002f438   0x00000008   Data   RO         5599    sdh_stack_observers0  nrf_sdh_soc.o
    0x0002f440   0x00000008   Data   RO         1486    sdh_state_observers0  nrf_drv_clock.o
    0x0002f448   0x00000008   Data   RO         5041    sdh_state_observers0  nrf_fstorage_sd.o


    Execution Region RW_IRAM1 (Base: 0x20002180, Size: 0x00002f50, Max: 0x00006000, ABSOLUTE, COMPRESSED[0x00000040])

    Base Addr    Size         Type   Attr      Idx    E Section Name        Object

    0x20002180   0x00000008   Data   RW           19    .data               main.o
    0x20002188   0x00000015   Data   RW          425    .data               bsp.o
    0x2000219d   0x00000003   PAD
    0x200021a0   0x00000008   Data   RW          531    .data               bsp_btn_ble.o
    0x200021a8   0x00000008   Data   RW          905    .data               ble_conn_params.o
    0x200021b0   0x0000000f   Data   RW         1371    .data               nrf_ble_escs.o
    0x200021bf   0x00000001   PAD
    0x200021c0   0x0000000c   Data   RW         2180    .data               aes.o
    0x200021cc   0x00000014   Data   RW         2282    .data               app_button.o
    0x200021e0   0x0000000e   Data   RW         2433    .data               app_scheduler.o
    0x200021ee   0x00000002   PAD
    0x200021f0   0x00000014   Data   RW         2520    .data               app_timer.o
    0x20002204   0x0000000a   Data   RW         3115    .data               es_adv.o
    0x2000220e   0x00000002   PAD
    0x20002210   0x00000010   Data   RW         3301    .data               es_adv_timing.o
    0x20002220   0x00000004   Data   RW         3409    .data               es_battery_voltage_saadc.o
    0x20002224   0x00000034   Data   RW         3465    .data               es_flash.o
    0x20002258   0x00000002   Data   RW         3556    .data               es_gatts.o
    0x2000225a   0x00000002   PAD
    0x2000225c   0x0000000d   Data   RW         3743    .data               es_security.o
    0x20002269   0x00000001   Data   RW         3910    .data               es_slot.o
    0x2000226a   0x00000002   Data   RW         4063    .data               es_stopwatch.o
    0x2000226c   0x0000000c   Data   RW         4106    .data               es_tlm.o
    0x20002278   0x0000001a   Data   RW         4233    .data               fds.o
    0x20002292   0x00000002   PAD
    0x20002294   0x00000014   Data   RW         4889    .data               nrf_ble_es.o
    0x200022a8   0x00000008   Data   RW         5038    .data               nrf_fstorage_sd.o
    0x200022b0   0x00000003   Data   RW         5431    .data               nrf_sdh.o
    0x200022b3   0x00000001   PAD
    0x200022b4   0x00000004   Data   RW         5647    .data               system_nrf52.o
    0x200022b8   0x00000014   Data   RW         4234    fs_data             fds.o
    0x200022cc   0x000000c4   Zero   RW           18    .bss                main.o
    0x20002390   0x0000006c   Zero   RW          423    .bss                bsp.o
    0x200023fc   0x00000050   Zero   RW          904    .bss                ble_conn_params.o
    0x2000244c   0x000000b8   Zero   RW         1022    .bss                ble_conn_state.o
    0x20002504   0x00000074   Zero   RW         1369    .bss                nrf_ble_escs.o
    0x20002578   0x00000014   Zero   RW         1483    .bss                nrf_drv_clock.o
    0x2000258c   0x00000058   Zero   RW         1738    .bss                nrf_drv_gpiote.o
    0x200025e4   0x00000030   Zero   RW         2007    .bss                nrf_drv_saadc.o
    0x20002614   0x000000b0   Zero   RW         2178    .bss                aes.o
    0x200026c4   0x00000020   Zero   RW         2280    .bss                app_button.o
    0x200026e4   0x0000010c   Zero   RW         2519    .bss                app_timer.o
    0x200027f0   0x0000000c   Zero   RW         2718    .bss                app_util_platform.o
    0x200027fc   0x0000006a   Zero   RW         3299    .bss                es_adv_timing.o
    0x20002866   0x00000002   PAD
    0x20002868   0x00000150   Zero   RW         3463    .bss                es_flash.o
    0x200029b8   0x000002b4   Zero   RW         3742    .bss                es_security.o
    0x20002c6c   0x00000160   Zero   RW         3909    .bss                es_slot.o
    0x20002dcc   0x00000020   Zero   RW         4062    .bss                es_stopwatch.o
    0x20002dec   0x0000000e   Zero   RW         4105    .bss                es_tlm.o
    0x20002dfa   0x00000002   PAD
    0x20002dfc   0x000001e0   Zero   RW         4231    .bss                fds.o
    0x20002fdc   0x00000078   Zero   RW         4887    .bss                nrf_ble_es.o
    0x20003054   0x00000078   Zero   RW         5036    .bss                nrf_fstorage_sd.o
    0x200030cc   0x00000004   PAD
    0x200030d0   0x00002000   Zero   RW         5625    STACK               arm_startup_nrf52.o


==============================================================================

Image component sizes


      Code (inc. data)   RO Data    RW Data    ZI Data      Debug   Object Name

      2616         82        767         12        176       9598   aes.o
       480         80          8         20         32       9030   app_button.o
        28          0          0          0          0       1945   app_error.o
        88          8          0          0          0      27305   app_error_weak.o
       416         72          0         14          0      25107   app_scheduler.o
      2304        252          0         20        268      50704   app_timer.o
       200         24          0          0         12       9098   app_util_platform.o
        36          8        512          0       8192        844   arm_startup_nrf52.o
      1818          0          0          0          0      36907   ble_advdata.o
         0          0          0          0          0       2748   ble_advertising.o
       936         56          8          8         80      10755   ble_conn_params.o
       352         24          8          0        184       4716   ble_conn_state.o
        30          0          0          0          0      22190   ble_srv_common.o
       788          0          0          0          0       7968   blockwise.o
       358         26          8          0          0      11525   boards.o
      1450        120         44         21        108      10759   bsp.o
       288          8          8          8          0       3628   bsp_btn_ble.o
      1630         20        536          0          0      15961   cifra_eax_aes.o
       600         12          0          0          0       9755   cmac.o
       258          0          0          0          0       2261   eax.o
       780         88          4         10          0      36668   es_adv.o
       220          4          4          0          0       7050   es_adv_frame.o
       766         94         32         16        106       8368   es_adv_timing.o
       260          0          0          0          0       3840   es_adv_timing_resolver.o
       276         28          9          4          0      10499   es_battery_voltage_saadc.o
       844        106         64         52        336      14581   es_flash.o
       550         26          0          2          0       5242   es_gatts.o
       756         18          8          0          0       7042   es_gatts_read.o
       576         12          0          0          0       3826   es_gatts_write.o
      2322        190          0         13        692      21021   es_security.o
      1436        112          0          1        352      11334   es_slot.o
       386          0          0          0          0       4463   es_slot_reg.o
       240         38          0          2         32       2823   es_stopwatch.o
       396         60          0         12         14       4560   es_tlm.o
      4460        418         20         46        480      43213   fds.o
       278          4          0          0          0       5848   gf128.o
       864         38         16          8        196     135839   main.o
       290          4          0          0          0       6281   modes.o
      1182        124         72         20        120       9648   nrf_ble_es.o
      1780         86         96         15        116      20802   nrf_ble_escs.o
       776         16         22          0          0      32322   nrf_ble_gatt.o
       516         52         16          0         20      40403   nrf_drv_clock.o
        96         12          0          0          0      29119   nrf_drv_common.o
      1630        104         71          0         88      30618   nrf_drv_gpiote.o
      1140         82        189          0         48      19626   nrf_drv_saadc.o
       266          0          0          0          0       4153   nrf_fstorage.o
      1126         88         56          8        120      13103   nrf_fstorage_sd.o
       112          4          0          0          0       6249   nrf_saadc.o
       734         86         88          3          0      42650   nrf_sdh.o
       136         10         52          0          0       3872   nrf_sdh_ble.o
        84          4         36          0          0       2172   nrf_sdh_soc.o
       112          0          0          0          0       2300   nrf_section_iter.o
       270          0          0          0          0       4594   sdk_mapped_flags.o
      1296        132          0          4          0       6711   system_nrf52.o

    ----------------------------------------------------------------------
     41708       2832       2792        332      11780     873644   Object Totals
         0          0         32          0          0          0   (incl. Generated)
        76          0          6         13          8          0   (incl. Padding)

    ----------------------------------------------------------------------

      Code (inc. data)   RO Data    RW Data    ZI Data      Debug   Library Member Name

        86          0          0          0          0          0   __dczerorl2.o
         0          0          0          0          0          0   entry.o
         0          0          0          0          0          0   entry10a.o
         0          0          0          0          0          0   entry11a.o
         8          4          0          0          0          0   entry2.o
         4          0          0          0          0          0   entry5.o
         0          0          0          0          0          0   entry7b.o
         0          0          0          0          0          0   entry8b.o
         8          4          0          0          0          0   entry9a.o
        30          0          0          0          0          0   handlers.o
        36          8          0          0          0         68   init.o
        30          0          0          0          0         68   llshl.o
        32          0          0          0          0         68   llushr.o
        26          0          0          0          0         80   memcmp.o
        36          0          0          0          0         68   memcpya.o
        36          0          0          0          0        108   memseta.o
        14          0          0          0          0         68   strlen.o
        98          0          0          0          0         92   uldiv.o
      1644          0          0          0          0          0   occ_lib_occ_bigint256.s.o
       390          4         32          0          0      20481   occ_lib_occ_curve25519.c.o
       194          0          0          0          0      17437   occ_lib_occ_hkdf_sha256.c.o
       410          0          0          0          0      18399   occ_lib_occ_mod25519.c.o
      1644          0          0          0          0          0   occ_lib_occ_mod25519_base.s.o
       490         32        256          0          0      17650   occ_lib_occ_sha256.c.o
       248          0          0          0          0      15257   occ_lib_occ_sha256_loop.c.o

    ----------------------------------------------------------------------
      5468         52        288          0          0      89844   Library Totals
         4          0          0          0          0          0   (incl. Padding)

    ----------------------------------------------------------------------

      Code (inc. data)   RO Data    RW Data    ZI Data      Debug   Library Name

       444         16          0          0          0        620   mc_w.l
      5020         36        288          0          0      89224   occ_lib_nrf52.lib

    ----------------------------------------------------------------------
      5468         52        288          0          0      89844   Library Totals

    ----------------------------------------------------------------------

==============================================================================


      Code (inc. data)   RO Data    RW Data    ZI Data      Debug   

     47176       2884       3080        332      11780     913300   Grand Totals
     47176       2884       3080         64      11780     913300   ELF Image Totals (compressed)
     47176       2884       3080         64          0          0   ROM Totals

==============================================================================

    Total RO  Size (Code + RO Data)                50256 (  49.08kB)
    Total RW  Size (RW Data + ZI Data)             12112 (  11.83kB)
    Total ROM Size (Code + RO Data + RW Data)      50320 (  49.14kB)

==============================================================================

